<?xml version="1.0" encoding="ISO-8859-1" ?>
<link_info>
   <banner>TI ARM Linker Unix v20.2.1.LTS</banner>
   <copyright>Copyright (c) 1996-2018 Texas Instruments Incorporated</copyright>
   <link_time>0x5fcf2cb0</link_time>
   <link_errors>0x0</link_errors>
   <output_file>Project-F20.out</output_file>
   <entry_point>
      <name>_c_int00_noargs</name>
      <address>0x69ad</address>
   </entry_point>
   <input_file_list>
      <input_file id="fl-2">
         <path>./</path>
         <kind>object</kind>
         <file>lcd.obj</file>
         <name>lcd.obj</name>
      </input_file>
      <input_file id="fl-3">
         <path>./</path>
         <kind>object</kind>
         <file>main.obj</file>
         <name>main.obj</name>
      </input_file>
      <input_file id="fl-4">
         <path>./</path>
         <kind>object</kind>
         <file>minesweeper_images.obj</file>
         <name>minesweeper_images.obj</name>
      </input_file>
      <input_file id="fl-5">
         <path>./</path>
         <kind>object</kind>
         <file>startup_msp432p401r_ccs.obj</file>
         <name>startup_msp432p401r_ccs.obj</name>
      </input_file>
      <input_file id="fl-6">
         <path>./</path>
         <kind>object</kind>
         <file>system_msp432p401r.obj</file>
         <name>system_msp432p401r.obj</name>
      </input_file>
      <input_file id="fl-7">
         <path>./</path>
         <kind>object</kind>
         <file>task_board.obj</file>
         <name>task_board.obj</name>
      </input_file>
      <input_file id="fl-8">
         <path>./</path>
         <kind>object</kind>
         <file>task_joystick.obj</file>
         <name>task_joystick.obj</name>
      </input_file>
      <input_file id="fl-9">
         <path>./</path>
         <kind>object</kind>
         <file>task_mkII_s1.obj</file>
         <name>task_mkII_s1.obj</name>
      </input_file>
      <input_file id="fl-a">
         <path>./</path>
         <kind>object</kind>
         <file>task_mkII_s2.obj</file>
         <name>task_mkII_s2.obj</name>
      </input_file>
      <input_file id="fl-b">
         <path>./</path>
         <kind>object</kind>
         <file>task_mouse.obj</file>
         <name>task_mouse.obj</name>
      </input_file>
      <input_file id="fl-c">
         <path>./FreeRTOS/</path>
         <kind>object</kind>
         <file>croutine.obj</file>
         <name>croutine.obj</name>
      </input_file>
      <input_file id="fl-d">
         <path>./FreeRTOS/</path>
         <kind>object</kind>
         <file>event_groups.obj</file>
         <name>event_groups.obj</name>
      </input_file>
      <input_file id="fl-e">
         <path>./FreeRTOS/</path>
         <kind>object</kind>
         <file>heap_4.obj</file>
         <name>heap_4.obj</name>
      </input_file>
      <input_file id="fl-f">
         <path>./FreeRTOS/</path>
         <kind>object</kind>
         <file>list.obj</file>
         <name>list.obj</name>
      </input_file>
      <input_file id="fl-10">
         <path>./FreeRTOS/</path>
         <kind>object</kind>
         <file>queue.obj</file>
         <name>queue.obj</name>
      </input_file>
      <input_file id="fl-11">
         <path>./FreeRTOS/</path>
         <kind>object</kind>
         <file>stream_buffer.obj</file>
         <name>stream_buffer.obj</name>
      </input_file>
      <input_file id="fl-12">
         <path>./FreeRTOS/</path>
         <kind>object</kind>
         <file>tasks.obj</file>
         <name>tasks.obj</name>
      </input_file>
      <input_file id="fl-13">
         <path>./FreeRTOS/</path>
         <kind>object</kind>
         <file>timers.obj</file>
         <name>timers.obj</name>
      </input_file>
      <input_file id="fl-14">
         <path>./FreeRTOS/portable/</path>
         <kind>object</kind>
         <file>port.obj</file>
         <name>port.obj</name>
      </input_file>
      <input_file id="fl-15">
         <path>./FreeRTOS/portable/</path>
         <kind>object</kind>
         <file>portasm.obj</file>
         <name>portasm.obj</name>
      </input_file>
      <input_file id="fl-19">
         <kind>object</kind>
         <file>&lt;internal&gt;</file>
         <name>&lt;internal&gt;</name>
      </input_file>
      <input_file id="fl-cf">
         <path>/Applications/ti/ccs1010/ccs/tools/compiler/ti-cgt-arm_20.2.1.LTS/lib/</path>
         <kind>archive</kind>
         <file>rtsv7M4_T_le_v4SPD16_eabi.lib</file>
         <name>memset_t2.asm.obj</name>
      </input_file>
      <input_file id="fl-d0">
         <path>/Applications/ti/ccs1010/ccs/tools/compiler/ti-cgt-arm_20.2.1.LTS/lib/</path>
         <kind>archive</kind>
         <file>rtsv7M4_T_le_v4SPD16_eabi.lib</file>
         <name>fd_mul_t2.asm.obj</name>
      </input_file>
      <input_file id="fl-d1">
         <path>/Applications/ti/ccs1010/ccs/tools/compiler/ti-cgt-arm_20.2.1.LTS/lib/</path>
         <kind>archive</kind>
         <file>rtsv7M4_T_le_v4SPD16_eabi.lib</file>
         <name>fd_toi_t2.asm.obj</name>
      </input_file>
      <input_file id="fl-d2">
         <path>/Applications/ti/ccs1010/ccs/tools/compiler/ti-cgt-arm_20.2.1.LTS/lib/</path>
         <kind>archive</kind>
         <file>rtsv7M4_T_le_v4SPD16_eabi.lib</file>
         <name>fd_tos_t2.asm.obj</name>
      </input_file>
      <input_file id="fl-d3">
         <path>/Applications/ti/ccs1010/ccs/tools/compiler/ti-cgt-arm_20.2.1.LTS/lib/</path>
         <kind>archive</kind>
         <file>rtsv7M4_T_le_v4SPD16_eabi.lib</file>
         <name>i_tofd_t2.asm.obj</name>
      </input_file>
      <input_file id="fl-d4">
         <path>/Applications/ti/ccs1010/ccs/tools/compiler/ti-cgt-arm_20.2.1.LTS/lib/</path>
         <kind>archive</kind>
         <file>rtsv7M4_T_le_v4SPD16_eabi.lib</file>
         <name>memcpy_t2.asm.obj</name>
      </input_file>
      <input_file id="fl-d5">
         <path>/Applications/ti/ccs1010/ccs/tools/compiler/ti-cgt-arm_20.2.1.LTS/lib/</path>
         <kind>archive</kind>
         <file>rtsv7M4_T_le_v4SPD16_eabi.lib</file>
         <name>copy_zero_init.c.obj</name>
      </input_file>
      <input_file id="fl-d6">
         <path>/Applications/ti/ccs1010/ccs/tools/compiler/ti-cgt-arm_20.2.1.LTS/lib/</path>
         <kind>archive</kind>
         <file>rtsv7M4_T_le_v4SPD16_eabi.lib</file>
         <name>copy_decompress_none.c.obj</name>
      </input_file>
      <input_file id="fl-d7">
         <path>/Applications/ti/ccs1010/ccs/tools/compiler/ti-cgt-arm_20.2.1.LTS/lib/</path>
         <kind>archive</kind>
         <file>rtsv7M4_T_le_v4SPD16_eabi.lib</file>
         <name>copy_decompress_lzss.c.obj</name>
      </input_file>
      <input_file id="fl-d8">
         <path>/Applications/ti/ccs1010/ccs/tools/compiler/ti-cgt-arm_20.2.1.LTS/lib/</path>
         <kind>archive</kind>
         <file>rtsv7M4_T_le_v4SPD16_eabi.lib</file>
         <name>rand.c.obj</name>
      </input_file>
      <input_file id="fl-d9">
         <path>/Applications/ti/ccs1010/ccs/tools/compiler/ti-cgt-arm_20.2.1.LTS/lib/</path>
         <kind>archive</kind>
         <file>rtsv7M4_T_le_v4SPD16_eabi.lib</file>
         <name>time.c.obj</name>
      </input_file>
      <input_file id="fl-da">
         <path>/Applications/ti/ccs1010/ccs/tools/compiler/ti-cgt-arm_20.2.1.LTS/lib/</path>
         <kind>archive</kind>
         <file>rtsv7M4_T_le_v4SPD16_eabi.lib</file>
         <name>boot_cortex_m.c.obj</name>
      </input_file>
      <input_file id="fl-db">
         <path>/Applications/ti/ccs1010/ccs/tools/compiler/ti-cgt-arm_20.2.1.LTS/lib/</path>
         <kind>archive</kind>
         <file>rtsv7M4_T_le_v4SPD16_eabi.lib</file>
         <name>autoinit.c.obj</name>
      </input_file>
      <input_file id="fl-dc">
         <path>/Applications/ti/ccs1010/ccs/tools/compiler/ti-cgt-arm_20.2.1.LTS/lib/</path>
         <kind>archive</kind>
         <file>rtsv7M4_T_le_v4SPD16_eabi.lib</file>
         <name>pre_init.c.obj</name>
      </input_file>
      <input_file id="fl-dd">
         <path>/Applications/ti/ccs1010/ccs/tools/compiler/ti-cgt-arm_20.2.1.LTS/lib/</path>
         <kind>archive</kind>
         <file>rtsv7M4_T_le_v4SPD16_eabi.lib</file>
         <name>cpy_tbl.c.obj</name>
      </input_file>
      <input_file id="fl-de">
         <path>/Applications/ti/ccs1010/ccs/tools/compiler/ti-cgt-arm_20.2.1.LTS/lib/</path>
         <kind>archive</kind>
         <file>rtsv7M4_T_le_v4SPD16_eabi.lib</file>
         <name>exit.c.obj</name>
      </input_file>
      <input_file id="fl-df">
         <path>/Applications/ti/ccs1010/ccs/tools/compiler/ti-cgt-arm_20.2.1.LTS/lib/</path>
         <kind>archive</kind>
         <file>rtsv7M4_T_le_v4SPD16_eabi.lib</file>
         <name>_lock.c.obj</name>
      </input_file>
      <input_file id="fl-e0">
         <path>/Applications/ti/ccs1010/ccs/tools/compiler/ti-cgt-arm_20.2.1.LTS/lib/</path>
         <kind>archive</kind>
         <file>rtsv7M4_T_le_v4SPD16_eabi.lib</file>
         <name>args_main.c.obj</name>
      </input_file>
      <input_file id="fl-e1">
         <path>/Applications/ti/ccs1010/ccs/tools/compiler/ti-cgt-arm_20.2.1.LTS/lib/</path>
         <kind>archive</kind>
         <file>rtsv7M4_T_le_v4SPD16_eabi.lib</file>
         <name>hosttime.c.obj</name>
      </input_file>
      <input_file id="fl-e2">
         <path>/Applications/ti/ccs1010/ccs/tools/compiler/ti-cgt-arm_20.2.1.LTS/lib/</path>
         <kind>archive</kind>
         <file>rtsv7M4_T_le_v4SPD16_eabi.lib</file>
         <name>trgmsg.c.obj</name>
      </input_file>
      <input_file id="fl-e3">
         <path>/Applications/ti/ccs1010/ccs/tools/compiler/ti-cgt-arm_20.2.1.LTS/lib/</path>
         <kind>archive</kind>
         <file>rtsv7M4_T_le_v4SPD16_eabi.lib</file>
         <name>hostopen.c.obj</name>
      </input_file>
      <input_file id="fl-e4">
         <path>/Applications/ti/ccs1010/ccs/tools/compiler/ti-cgt-arm_20.2.1.LTS/lib/</path>
         <kind>archive</kind>
         <file>rtsv7M4_T_le_v4SPD16_eabi.lib</file>
         <name>strlen.c.obj</name>
      </input_file>
   </input_file_list>
   <object_component_list>
      <object_component id="oc-26">
         <name>.intvecs:retain</name>
         <load_address>0x0</load_address>
         <run_address>0x0</run_address>
         <size>0xe4</size>
         <input_file_ref idref="fl-5"/>
      </object_component>
      <object_component id="oc-c3">
         <name>.text</name>
         <load_address>0xe4</load_address>
         <run_address>0xe4</run_address>
         <size>0x20c4</size>
         <input_file_ref idref="fl-12"/>
      </object_component>
      <object_component id="oc-de">
         <name>.text</name>
         <load_address>0x21a8</load_address>
         <run_address>0x21a8</run_address>
         <size>0x10f0</size>
         <input_file_ref idref="fl-10"/>
      </object_component>
      <object_component id="oc-10f">
         <name>.text</name>
         <load_address>0x3298</load_address>
         <run_address>0x3298</run_address>
         <size>0xe20</size>
         <input_file_ref idref="fl-7"/>
      </object_component>
      <object_component id="oc-19d">
         <name>.text</name>
         <load_address>0x40b8</load_address>
         <run_address>0x40b8</run_address>
         <size>0x7a4</size>
         <input_file_ref idref="fl-13"/>
      </object_component>
      <object_component id="oc-1ed">
         <name>.text</name>
         <load_address>0x485c</load_address>
         <run_address>0x485c</run_address>
         <size>0x51c</size>
         <input_file_ref idref="fl-2"/>
      </object_component>
      <object_component id="oc-115">
         <name>.text</name>
         <load_address>0x4d78</load_address>
         <run_address>0x4d78</run_address>
         <size>0x4e0</size>
         <input_file_ref idref="fl-b"/>
      </object_component>
      <object_component id="oc-72">
         <name>.text</name>
         <load_address>0x5258</load_address>
         <run_address>0x5258</run_address>
         <size>0x438</size>
         <input_file_ref idref="fl-14"/>
      </object_component>
      <object_component id="oc-185">
         <name>.text</name>
         <load_address>0x5690</load_address>
         <run_address>0x5690</run_address>
         <size>0x42c</size>
         <input_file_ref idref="fl-e"/>
      </object_component>
      <object_component id="oc-b6">
         <name>.text</name>
         <load_address>0x5abc</load_address>
         <run_address>0x5abc</run_address>
         <size>0x354</size>
         <input_file_ref idref="fl-6"/>
      </object_component>
      <object_component id="oc-78">
         <name>.text</name>
         <load_address>0x5e10</load_address>
         <run_address>0x5e10</run_address>
         <size>0x2f8</size>
         <input_file_ref idref="fl-8"/>
      </object_component>
      <object_component id="oc-a4">
         <name>.text</name>
         <load_address>0x6108</load_address>
         <run_address>0x6108</run_address>
         <size>0x154</size>
         <input_file_ref idref="fl-3"/>
      </object_component>
      <object_component id="oc-18b">
         <name>.text</name>
         <load_address>0x625c</load_address>
         <run_address>0x625c</run_address>
         <size>0x12a</size>
         <input_file_ref idref="fl-f"/>
      </object_component>
      <object_component id="oc-20d">
         <name>.text</name>
         <load_address>0x6386</load_address>
         <run_address>0x6386</run_address>
         <size>0xfc</size>
         <input_file_ref idref="fl-d0"/>
      </object_component>
      <object_component id="oc-307">
         <name>.text:_nop</name>
         <load_address>0x6482</load_address>
         <run_address>0x6482</run_address>
         <size>0x2</size>
         <input_file_ref idref="fl-df"/>
      </object_component>
      <object_component id="oc-6d">
         <name>.text</name>
         <load_address>0x6484</load_address>
         <run_address>0x6484</run_address>
         <size>0xda</size>
         <input_file_ref idref="fl-15"/>
      </object_component>
      <object_component id="oc-37">
         <name>.text</name>
         <load_address>0x655e</load_address>
         <run_address>0x655e</run_address>
         <size>0x9c</size>
         <input_file_ref idref="fl-d4"/>
      </object_component>
      <object_component id="oc-121">
         <name>.text</name>
         <load_address>0x65fc</load_address>
         <run_address>0x65fc</run_address>
         <size>0x90</size>
         <input_file_ref idref="fl-9"/>
      </object_component>
      <object_component id="oc-11b">
         <name>.text</name>
         <load_address>0x668c</load_address>
         <run_address>0x668c</run_address>
         <size>0x90</size>
         <input_file_ref idref="fl-a"/>
      </object_component>
      <object_component id="oc-98">
         <name>.text</name>
         <load_address>0x671c</load_address>
         <run_address>0x671c</run_address>
         <size>0x7a</size>
         <input_file_ref idref="fl-cf"/>
      </object_component>
      <object_component id="oc-212">
         <name>.text</name>
         <load_address>0x6796</load_address>
         <run_address>0x6796</run_address>
         <size>0x6e</size>
         <input_file_ref idref="fl-d2"/>
      </object_component>
      <object_component id="oc-17">
         <name>.text:decompress:lzss:__TI_decompress_lzss</name>
         <load_address>0x6804</load_address>
         <run_address>0x6804</run_address>
         <size>0x68</size>
         <input_file_ref idref="fl-d7"/>
      </object_component>
      <object_component id="oc-2cf">
         <name>.text:HOSTtime</name>
         <load_address>0x686c</load_address>
         <run_address>0x686c</run_address>
         <size>0x48</size>
         <input_file_ref idref="fl-e1"/>
      </object_component>
      <object_component id="oc-236">
         <name>.text</name>
         <load_address>0x68b4</load_address>
         <run_address>0x68b4</run_address>
         <size>0x48</size>
         <input_file_ref idref="fl-d1"/>
      </object_component>
      <object_component id="oc-145">
         <name>.text:__TI_auto_init_nobinit_nopinit:__TI_auto_init_nobinit_nopinit</name>
         <load_address>0x68fc</load_address>
         <run_address>0x68fc</run_address>
         <size>0x44</size>
         <input_file_ref idref="fl-db"/>
      </object_component>
      <object_component id="oc-34c">
         <name>.text:__TI_writemsg</name>
         <load_address>0x6940</load_address>
         <run_address>0x6940</run_address>
         <size>0x38</size>
         <input_file_ref idref="fl-e2"/>
      </object_component>
      <object_component id="oc-352">
         <name>.text:__TI_readmsg</name>
         <load_address>0x6978</load_address>
         <run_address>0x6978</run_address>
         <size>0x34</size>
         <input_file_ref idref="fl-e2"/>
      </object_component>
      <object_component id="oc-55">
         <name>.text:_c_int00_noargs:_c_int00_noargs</name>
         <load_address>0x69ac</load_address>
         <run_address>0x69ac</run_address>
         <size>0x34</size>
         <input_file_ref idref="fl-da"/>
      </object_component>
      <object_component id="oc-23b">
         <name>.text:rand</name>
         <load_address>0x69e0</load_address>
         <run_address>0x69e0</run_address>
         <size>0x34</size>
         <input_file_ref idref="fl-d8"/>
      </object_component>
      <object_component id="oc-208">
         <name>.text</name>
         <load_address>0x6a14</load_address>
         <run_address>0x6a14</run_address>
         <size>0x2e</size>
         <input_file_ref idref="fl-d3"/>
      </object_component>
      <object_component id="oc-1f9">
         <name>.text:srand</name>
         <load_address>0x6a44</load_address>
         <run_address>0x6a44</run_address>
         <size>0x24</size>
         <input_file_ref idref="fl-d8"/>
      </object_component>
      <object_component id="oc-1f3">
         <name>.text:__time32</name>
         <load_address>0x6a68</load_address>
         <run_address>0x6a68</run_address>
         <size>0xe</size>
         <input_file_ref idref="fl-d9"/>
      </object_component>
      <object_component id="oc-1d">
         <name>.text:decompress:none:__TI_decompress_none</name>
         <load_address>0x6a76</load_address>
         <run_address>0x6a76</run_address>
         <size>0xe</size>
         <input_file_ref idref="fl-d6"/>
      </object_component>
      <object_component id="oc-67">
         <name>.text</name>
         <load_address>0x6a84</load_address>
         <run_address>0x6a84</run_address>
         <size>0xe</size>
         <input_file_ref idref="fl-5"/>
      </object_component>
      <object_component id="oc-49">
         <name>.text:decompress:ZI:__TI_zero_init</name>
         <load_address>0x6a92</load_address>
         <run_address>0x6a92</run_address>
         <size>0xc</size>
         <input_file_ref idref="fl-d5"/>
      </object_component>
      <object_component id="oc-9e">
         <name>.text:_system_pre_init</name>
         <load_address>0x6a9e</load_address>
         <run_address>0x6a9e</run_address>
         <size>0x4</size>
         <input_file_ref idref="fl-dc"/>
      </object_component>
      <object_component id="oc-139">
         <name>.text:abort:abort</name>
         <load_address>0x6aa2</load_address>
         <run_address>0x6aa2</run_address>
         <size>0x4</size>
         <input_file_ref idref="fl-de"/>
      </object_component>
      <object_component id="oc-24c">
         <name>.const:.string:Bitmap_Mouse</name>
         <load_address>0x6aa8</load_address>
         <run_address>0x6aa8</run_address>
         <size>0x14</size>
         <input_file_ref idref="fl-4"/>
      </object_component>
      <object_component id="oc-233">
         <name>.const:.string:Bitmap_Bomb</name>
         <load_address>0x6abc</load_address>
         <run_address>0x6abc</run_address>
         <size>0xa</size>
         <input_file_ref idref="fl-4"/>
      </object_component>
      <object_component id="oc-22c">
         <name>.const:.string:Bitmap_Eight</name>
         <load_address>0x6ac6</load_address>
         <run_address>0x6ac6</run_address>
         <size>0xa</size>
         <input_file_ref idref="fl-4"/>
      </object_component>
      <object_component id="oc-223">
         <name>.const:.string:Bitmap_Five</name>
         <load_address>0x6ad0</load_address>
         <run_address>0x6ad0</run_address>
         <size>0xa</size>
         <input_file_ref idref="fl-4"/>
      </object_component>
      <object_component id="oc-22f">
         <name>.const:.string:Bitmap_Flag</name>
         <load_address>0x6ada</load_address>
         <run_address>0x6ada</run_address>
         <size>0xa</size>
         <input_file_ref idref="fl-4"/>
      </object_component>
      <object_component id="oc-220">
         <name>.const:.string:Bitmap_Four</name>
         <load_address>0x6ae4</load_address>
         <run_address>0x6ae4</run_address>
         <size>0xa</size>
         <input_file_ref idref="fl-4"/>
      </object_component>
      <object_component id="oc-217">
         <name>.const:.string:Bitmap_One</name>
         <load_address>0x6aee</load_address>
         <run_address>0x6aee</run_address>
         <size>0xa</size>
         <input_file_ref idref="fl-4"/>
      </object_component>
      <object_component id="oc-229">
         <name>.const:.string:Bitmap_Seven</name>
         <load_address>0x6af8</load_address>
         <run_address>0x6af8</run_address>
         <size>0xa</size>
         <input_file_ref idref="fl-4"/>
      </object_component>
      <object_component id="oc-226">
         <name>.const:.string:Bitmap_Six</name>
         <load_address>0x6b02</load_address>
         <run_address>0x6b02</run_address>
         <size>0xa</size>
         <input_file_ref idref="fl-4"/>
      </object_component>
      <object_component id="oc-21d">
         <name>.const:.string:Bitmap_Three</name>
         <load_address>0x6b0c</load_address>
         <run_address>0x6b0c</run_address>
         <size>0xa</size>
         <input_file_ref idref="fl-4"/>
      </object_component>
      <object_component id="oc-21a">
         <name>.const:.string:Bitmap_Two</name>
         <load_address>0x6b16</load_address>
         <run_address>0x6b16</run_address>
         <size>0xa</size>
         <input_file_ref idref="fl-4"/>
      </object_component>
      <object_component id="oc-c0">
         <name>.const</name>
         <load_address>0x6b20</load_address>
         <run_address>0x6b20</run_address>
         <size>0x8</size>
         <input_file_ref idref="fl-14"/>
      </object_component>
      <object_component id="oc-3cb">
         <name>.cinit..data.load</name>
         <load_address>0x6b28</load_address>
         <run_address>0x6b28</run_address>
         <size>0x2a</size>
      </object_component>
      <object_component id="oc-3c9">
         <name>__TI_handler_table</name>
         <load_address>0x6b54</load_address>
         <run_address>0x6b54</run_address>
         <size>0xc</size>
      </object_component>
      <object_component id="oc-3cc">
         <name>.cinit..bss.load</name>
         <load_address>0x6b60</load_address>
         <run_address>0x6b60</run_address>
         <size>0x8</size>
      </object_component>
      <object_component id="oc-3ca">
         <name>__TI_cinit_table</name>
         <load_address>0x6b68</load_address>
         <run_address>0x6b68</run_address>
         <size>0x10</size>
      </object_component>
      <object_component id="oc-39d">
         <name>.binit</name>
         <load_address>0x0</load_address>
         <run_address>0x0</run_address>
         <size>0x0</size>
      </object_component>
      <object_component id="oc-177">
         <name>.data</name>
         <load_address>0x20008494</load_address>
         <run_address>0x20008494</run_address>
         <size>0x4</size>
         <input_file_ref idref="fl-6"/>
      </object_component>
      <object_component id="oc-205">
         <name>.data</name>
         <load_address>0x20008498</load_address>
         <run_address>0x20008498</run_address>
         <size>0x4</size>
         <input_file_ref idref="fl-7"/>
      </object_component>
      <object_component id="oc-e4">
         <name>.data</name>
         <load_address>0x20008454</load_address>
         <run_address>0x20008454</run_address>
         <size>0x10</size>
         <input_file_ref idref="fl-8"/>
      </object_component>
      <object_component id="oc-12b">
         <name>.data</name>
         <load_address>0x20008480</load_address>
         <run_address>0x20008480</run_address>
         <size>0x5</size>
         <input_file_ref idref="fl-9"/>
      </object_component>
      <object_component id="oc-12e">
         <name>.data</name>
         <load_address>0x20008488</load_address>
         <run_address>0x20008488</run_address>
         <size>0x5</size>
         <input_file_ref idref="fl-a"/>
      </object_component>
      <object_component id="oc-202">
         <name>.data</name>
         <load_address>0x20008478</load_address>
         <run_address>0x20008478</run_address>
         <size>0x8</size>
         <input_file_ref idref="fl-b"/>
      </object_component>
      <object_component id="oc-28f">
         <name>.data</name>
         <load_address>0x20008424</load_address>
         <run_address>0x20008424</run_address>
         <size>0x18</size>
         <input_file_ref idref="fl-e"/>
      </object_component>
      <object_component id="oc-bd">
         <name>.data</name>
         <load_address>0x200083f0</load_address>
         <run_address>0x200083f0</run_address>
         <size>0x34</size>
         <input_file_ref idref="fl-12"/>
      </object_component>
      <object_component id="oc-2a4">
         <name>.data</name>
         <load_address>0x20008464</load_address>
         <run_address>0x20008464</run_address>
         <size>0xc</size>
         <input_file_ref idref="fl-13"/>
      </object_component>
      <object_component id="oc-ca">
         <name>.data</name>
         <load_address>0x2000843c</load_address>
         <run_address>0x2000843c</run_address>
         <size>0x18</size>
         <input_file_ref idref="fl-14"/>
      </object_component>
      <object_component id="oc-2dc">
         <name>.data</name>
         <load_address>0x20008490</load_address>
         <run_address>0x20008490</run_address>
         <size>0x4</size>
         <input_file_ref idref="fl-d8"/>
      </object_component>
      <object_component id="oc-265">
         <name>.data:$O1$$</name>
         <load_address>0x20008470</load_address>
         <run_address>0x20008470</run_address>
         <size>0x8</size>
         <input_file_ref idref="fl-df"/>
      </object_component>
      <object_component id="oc-295">
         <name>.bss:ucHeap</name>
         <uninitialized>true</uninitialized>
         <run_address>0x20000000</run_address>
         <size>0x8000</size>
         <input_file_ref idref="fl-e"/>
      </object_component>
      <object_component id="oc-292">
         <name>.bss:xStart</name>
         <uninitialized>true</uninitialized>
         <run_address>0x200083c4</run_address>
         <size>0x8</size>
         <input_file_ref idref="fl-e"/>
      </object_component>
      <object_component id="oc-191">
         <name>.bss:pxReadyTasksLists</name>
         <uninitialized>true</uninitialized>
         <run_address>0x20008120</run_address>
         <size>0xc8</size>
         <input_file_ref idref="fl-12"/>
      </object_component>
      <object_component id="oc-1a6">
         <name>.bss:xDelayedTaskList1</name>
         <uninitialized>true</uninitialized>
         <run_address>0x20008350</run_address>
         <size>0x14</size>
         <input_file_ref idref="fl-12"/>
      </object_component>
      <object_component id="oc-1a9">
         <name>.bss:xDelayedTaskList2</name>
         <uninitialized>true</uninitialized>
         <run_address>0x20008364</run_address>
         <size>0x14</size>
         <input_file_ref idref="fl-12"/>
      </object_component>
      <object_component id="oc-197">
         <name>.bss</name>
         <uninitialized>true</uninitialized>
         <run_address>0x200083b4</run_address>
         <size>0x8</size>
         <input_file_ref idref="fl-12"/>
      </object_component>
      <object_component id="oc-1a3">
         <name>.bss:xPendingReadyList</name>
         <uninitialized>true</uninitialized>
         <run_address>0x20008378</run_address>
         <size>0x14</size>
         <input_file_ref idref="fl-12"/>
      </object_component>
      <object_component id="oc-194">
         <name>.bss:xTasksWaitingTermination</name>
         <uninitialized>true</uninitialized>
         <run_address>0x200083a0</run_address>
         <size>0x14</size>
         <input_file_ref idref="fl-12"/>
      </object_component>
      <object_component id="oc-19a">
         <name>.bss:xSuspendedTaskList</name>
         <uninitialized>true</uninitialized>
         <run_address>0x2000838c</run_address>
         <size>0x14</size>
         <input_file_ref idref="fl-12"/>
      </object_component>
      <object_component id="oc-2aa">
         <name>.bss:xActiveTimerList1</name>
         <uninitialized>true</uninitialized>
         <run_address>0x20008328</run_address>
         <size>0x14</size>
         <input_file_ref idref="fl-13"/>
      </object_component>
      <object_component id="oc-2ad">
         <name>.bss:xActiveTimerList2</name>
         <uninitialized>true</uninitialized>
         <run_address>0x2000833c</run_address>
         <size>0x14</size>
         <input_file_ref idref="fl-13"/>
      </object_component>
      <object_component id="oc-2a7">
         <name>.bss</name>
         <uninitialized>true</uninitialized>
         <run_address>0x200083bc</run_address>
         <size>0x8</size>
         <input_file_ref idref="fl-13"/>
      </object_component>
      <object_component id="oc-389">
         <name>.bss:_CIOBUF_</name>
         <uninitialized>true</uninitialized>
         <run_address>0x20008000</run_address>
         <size>0x120</size>
         <input_file_ref idref="fl-e2"/>
      </object_component>
      <object_component id="oc-2cc">
         <name>.common:Lcd_ScreenWidth</name>
         <uninitialized>true</uninitialized>
         <run_address>0x200083ee</run_address>
         <size>0x2</size>
      </object_component>
      <object_component id="oc-2cd">
         <name>.common:Lcd_ScreenHeigth</name>
         <uninitialized>true</uninitialized>
         <run_address>0x200083ec</run_address>
         <size>0x2</size>
      </object_component>
      <object_component id="oc-127">
         <name>.common:Task_Board_Handle</name>
         <uninitialized>true</uninitialized>
         <run_address>0x200083dc</run_address>
         <size>0x4</size>
      </object_component>
      <object_component id="oc-1ff">
         <name>.common:Queue_Board</name>
         <uninitialized>true</uninitialized>
         <run_address>0x200083d4</run_address>
         <size>0x4</size>
      </object_component>
      <object_component id="oc-200">
         <name>.common:realBoard</name>
         <uninitialized>true</uninitialized>
         <run_address>0x200082c4</run_address>
         <size>0x64</size>
      </object_component>
      <object_component id="oc-232">
         <name>.common:mines</name>
         <uninitialized>true</uninitialized>
         <run_address>0x200081e8</run_address>
         <size>0x78</size>
      </object_component>
      <object_component id="oc-201">
         <name>.common:myBoard</name>
         <uninitialized>true</uninitialized>
         <run_address>0x20008260</run_address>
         <size>0x64</size>
      </object_component>
      <object_component id="oc-ea">
         <name>.common:Task_Joystick_Handle</name>
         <uninitialized>true</uninitialized>
         <run_address>0x200083e0</run_address>
         <size>0x4</size>
      </object_component>
      <object_component id="oc-131">
         <name>.common:Task_Joystick_Timer_Handle</name>
         <uninitialized>true</uninitialized>
         <run_address>0x200083e4</run_address>
         <size>0x4</size>
      </object_component>
      <object_component id="oc-12a">
         <name>.common:Task_Mouse_Handle</name>
         <uninitialized>true</uninitialized>
         <run_address>0x200083e8</run_address>
         <size>0x4</size>
      </object_component>
      <object_component id="oc-e7">
         <name>.common:Queue_Mouse</name>
         <uninitialized>true</uninitialized>
         <run_address>0x200083d8</run_address>
         <size>0x4</size>
      </object_component>
      <object_component id="oc-358">
         <name>.common:parmbuf</name>
         <uninitialized>true</uninitialized>
         <run_address>0x200083cc</run_address>
         <size>0x8</size>
      </object_component>
      <object_component id="oc-29">
         <name>.stack</name>
         <uninitialized>true</uninitialized>
         <run_address>0x2000fe00</run_address>
         <size>0x4</size>
         <input_file_ref idref="fl-da"/>
      </object_component>
      <object_component id="oc-3ce">
         <name>.stack</name>
         <uninitialized>true</uninitialized>
         <run_address>0x2000fe00</run_address>
         <size>0x0</size>
      </object_component>
      <object_component id="oc-1eb">
         <name>.debug_info</name>
         <load_address>0x0</load_address>
         <run_address>0x0</run_address>
         <size>0x5a8</size>
         <input_file_ref idref="fl-2"/>
      </object_component>
      <object_component id="oc-1ee">
         <name>.debug_info</name>
         <load_address>0x5a8</load_address>
         <run_address>0x5a8</run_address>
         <size>0xc09</size>
         <input_file_ref idref="fl-2"/>
      </object_component>
      <object_component id="oc-f3">
         <name>.debug_info</name>
         <load_address>0x11b1</load_address>
         <run_address>0x11b1</run_address>
         <size>0x37e2</size>
         <input_file_ref idref="fl-2"/>
      </object_component>
      <object_component id="oc-fa">
         <name>.debug_info</name>
         <load_address>0x4993</load_address>
         <run_address>0x4993</run_address>
         <size>0x26b</size>
         <input_file_ref idref="fl-2"/>
      </object_component>
      <object_component id="oc-1d5">
         <name>.debug_info</name>
         <load_address>0x4bfe</load_address>
         <run_address>0x4bfe</run_address>
         <size>0x1055</size>
         <input_file_ref idref="fl-2"/>
      </object_component>
      <object_component id="oc-32">
         <name>.debug_info</name>
         <load_address>0x5c53</load_address>
         <run_address>0x5c53</run_address>
         <size>0x84</size>
         <input_file_ref idref="fl-2"/>
      </object_component>
      <object_component id="oc-1c0">
         <name>.debug_info</name>
         <load_address>0x5cd7</load_address>
         <run_address>0x5cd7</run_address>
         <size>0x2a4</size>
         <input_file_ref idref="fl-2"/>
      </object_component>
      <object_component id="oc-d9">
         <name>.debug_info</name>
         <load_address>0x5f7b</load_address>
         <run_address>0x5f7b</run_address>
         <size>0xbb</size>
         <input_file_ref idref="fl-2"/>
      </object_component>
      <object_component id="oc-138">
         <name>.debug_info</name>
         <load_address>0x6036</load_address>
         <run_address>0x6036</run_address>
         <size>0xa27</size>
         <input_file_ref idref="fl-3"/>
      </object_component>
      <object_component id="oc-a5">
         <name>.debug_info</name>
         <load_address>0x6a5d</load_address>
         <run_address>0x6a5d</run_address>
         <size>0x325</size>
         <input_file_ref idref="fl-3"/>
      </object_component>
      <object_component id="oc-247">
         <name>.debug_info</name>
         <load_address>0x6d82</load_address>
         <run_address>0x6d82</run_address>
         <size>0x7c</size>
         <input_file_ref idref="fl-3"/>
      </object_component>
      <object_component id="oc-ee">
         <name>.debug_info</name>
         <load_address>0x6dfe</load_address>
         <run_address>0x6dfe</run_address>
         <size>0xab</size>
         <input_file_ref idref="fl-3"/>
      </object_component>
      <object_component id="oc-133">
         <name>.debug_info</name>
         <load_address>0x6ea9</load_address>
         <run_address>0x6ea9</run_address>
         <size>0x315</size>
         <input_file_ref idref="fl-3"/>
      </object_component>
      <object_component id="oc-1e4">
         <name>.debug_info</name>
         <load_address>0x71be</load_address>
         <run_address>0x71be</run_address>
         <size>0x48b</size>
         <input_file_ref idref="fl-3"/>
      </object_component>
      <object_component id="oc-1da">
         <name>.debug_info</name>
         <load_address>0x7649</load_address>
         <run_address>0x7649</run_address>
         <size>0x4f</size>
         <input_file_ref idref="fl-3"/>
      </object_component>
      <object_component id="oc-cf">
         <name>.debug_info</name>
         <load_address>0x7698</load_address>
         <run_address>0x7698</run_address>
         <size>0x2c</size>
         <input_file_ref idref="fl-3"/>
      </object_component>
      <object_component id="oc-d4">
         <name>.debug_info</name>
         <load_address>0x76c4</load_address>
         <run_address>0x76c4</run_address>
         <size>0x53</size>
         <input_file_ref idref="fl-3"/>
      </object_component>
      <object_component id="oc-1df">
         <name>.debug_info</name>
         <load_address>0x7717</load_address>
         <run_address>0x7717</run_address>
         <size>0xcc</size>
         <input_file_ref idref="fl-3"/>
      </object_component>
      <object_component id="oc-1b6">
         <name>.debug_info</name>
         <load_address>0x77e3</load_address>
         <run_address>0x77e3</run_address>
         <size>0x14c</size>
         <input_file_ref idref="fl-3"/>
      </object_component>
      <object_component id="oc-2ea">
         <name>.debug_info</name>
         <load_address>0x792f</load_address>
         <run_address>0x792f</run_address>
         <size>0x107</size>
         <input_file_ref idref="fl-4"/>
      </object_component>
      <object_component id="oc-234">
         <name>.debug_info</name>
         <load_address>0x7a36</load_address>
         <run_address>0x7a36</run_address>
         <size>0xfb</size>
         <input_file_ref idref="fl-4"/>
      </object_component>
      <object_component id="oc-230">
         <name>.debug_info</name>
         <load_address>0x7b31</load_address>
         <run_address>0x7b31</run_address>
         <size>0xfb</size>
         <input_file_ref idref="fl-4"/>
      </object_component>
      <object_component id="oc-24d">
         <name>.debug_info</name>
         <load_address>0x7c2c</load_address>
         <run_address>0x7c2c</run_address>
         <size>0xfd</size>
         <input_file_ref idref="fl-4"/>
      </object_component>
      <object_component id="oc-218">
         <name>.debug_info</name>
         <load_address>0x7d29</load_address>
         <run_address>0x7d29</run_address>
         <size>0xf9</size>
         <input_file_ref idref="fl-4"/>
      </object_component>
      <object_component id="oc-21b">
         <name>.debug_info</name>
         <load_address>0x7e22</load_address>
         <run_address>0x7e22</run_address>
         <size>0xf9</size>
         <input_file_ref idref="fl-4"/>
      </object_component>
      <object_component id="oc-21e">
         <name>.debug_info</name>
         <load_address>0x7f1b</load_address>
         <run_address>0x7f1b</run_address>
         <size>0xfd</size>
         <input_file_ref idref="fl-4"/>
      </object_component>
      <object_component id="oc-221">
         <name>.debug_info</name>
         <load_address>0x8018</load_address>
         <run_address>0x8018</run_address>
         <size>0xfb</size>
         <input_file_ref idref="fl-4"/>
      </object_component>
      <object_component id="oc-224">
         <name>.debug_info</name>
         <load_address>0x8113</load_address>
         <run_address>0x8113</run_address>
         <size>0xfb</size>
         <input_file_ref idref="fl-4"/>
      </object_component>
      <object_component id="oc-227">
         <name>.debug_info</name>
         <load_address>0x820e</load_address>
         <run_address>0x820e</run_address>
         <size>0xf9</size>
         <input_file_ref idref="fl-4"/>
      </object_component>
      <object_component id="oc-22a">
         <name>.debug_info</name>
         <load_address>0x8307</load_address>
         <run_address>0x8307</run_address>
         <size>0xfd</size>
         <input_file_ref idref="fl-4"/>
      </object_component>
      <object_component id="oc-22d">
         <name>.debug_info</name>
         <load_address>0x8404</load_address>
         <run_address>0x8404</run_address>
         <size>0xfd</size>
         <input_file_ref idref="fl-4"/>
      </object_component>
      <object_component id="oc-80">
         <name>.debug_info</name>
         <load_address>0x8501</load_address>
         <run_address>0x8501</run_address>
         <size>0x35e</size>
         <input_file_ref idref="fl-5"/>
      </object_component>
      <object_component id="oc-27">
         <name>.debug_info</name>
         <load_address>0x885f</load_address>
         <run_address>0x885f</run_address>
         <size>0x10a</size>
         <input_file_ref idref="fl-5"/>
      </object_component>
      <object_component id="oc-68">
         <name>.debug_info</name>
         <load_address>0x8969</load_address>
         <run_address>0x8969</run_address>
         <size>0x1d1</size>
         <input_file_ref idref="fl-5"/>
      </object_component>
      <object_component id="oc-178">
         <name>.debug_info</name>
         <load_address>0x8b3a</load_address>
         <run_address>0x8b3a</run_address>
         <size>0x103</size>
         <input_file_ref idref="fl-6"/>
      </object_component>
      <object_component id="oc-b7">
         <name>.debug_info</name>
         <load_address>0x8c3d</load_address>
         <run_address>0x8c3d</run_address>
         <size>0x275</size>
         <input_file_ref idref="fl-6"/>
      </object_component>
      <object_component id="oc-128">
         <name>.debug_info</name>
         <load_address>0x8eb2</load_address>
         <run_address>0x8eb2</run_address>
         <size>0xb53</size>
         <input_file_ref idref="fl-7"/>
      </object_component>
      <object_component id="oc-206">
         <name>.debug_info</name>
         <load_address>0x9a05</load_address>
         <run_address>0x9a05</run_address>
         <size>0xed</size>
         <input_file_ref idref="fl-7"/>
      </object_component>
      <object_component id="oc-110">
         <name>.debug_info</name>
         <load_address>0x9af2</load_address>
         <run_address>0x9af2</run_address>
         <size>0x10fc</size>
         <input_file_ref idref="fl-7"/>
      </object_component>
      <object_component id="oc-1cc">
         <name>.debug_info</name>
         <load_address>0xabee</load_address>
         <run_address>0xabee</run_address>
         <size>0x110</size>
         <input_file_ref idref="fl-7"/>
      </object_component>
      <object_component id="oc-256">
         <name>.debug_info</name>
         <load_address>0xacfe</load_address>
         <run_address>0xacfe</run_address>
         <size>0x48b</size>
         <input_file_ref idref="fl-7"/>
      </object_component>
      <object_component id="oc-334">
         <name>.debug_info</name>
         <load_address>0xb189</load_address>
         <run_address>0xb189</run_address>
         <size>0x109</size>
         <input_file_ref idref="fl-7"/>
      </object_component>
      <object_component id="oc-242">
         <name>.debug_info</name>
         <load_address>0xb292</load_address>
         <run_address>0xb292</run_address>
         <size>0x8b</size>
         <input_file_ref idref="fl-7"/>
      </object_component>
      <object_component id="oc-eb">
         <name>.debug_info</name>
         <load_address>0xb31d</load_address>
         <run_address>0xb31d</run_address>
         <size>0x862</size>
         <input_file_ref idref="fl-8"/>
      </object_component>
      <object_component id="oc-e5">
         <name>.debug_info</name>
         <load_address>0xbb7f</load_address>
         <run_address>0xbb7f</run_address>
         <size>0x177</size>
         <input_file_ref idref="fl-8"/>
      </object_component>
      <object_component id="oc-79">
         <name>.debug_info</name>
         <load_address>0xbcf6</load_address>
         <run_address>0xbcf6</run_address>
         <size>0x6a1</size>
         <input_file_ref idref="fl-8"/>
      </object_component>
      <object_component id="oc-253">
         <name>.debug_info</name>
         <load_address>0xc397</load_address>
         <run_address>0xc397</run_address>
         <size>0x737</size>
         <input_file_ref idref="fl-9"/>
      </object_component>
      <object_component id="oc-12c">
         <name>.debug_info</name>
         <load_address>0xcace</load_address>
         <run_address>0xcace</run_address>
         <size>0x105</size>
         <input_file_ref idref="fl-9"/>
      </object_component>
      <object_component id="oc-122">
         <name>.debug_info</name>
         <load_address>0xcbd3</load_address>
         <run_address>0xcbd3</run_address>
         <size>0x2b2</size>
         <input_file_ref idref="fl-9"/>
      </object_component>
      <object_component id="oc-251">
         <name>.debug_info</name>
         <load_address>0xce85</load_address>
         <run_address>0xce85</run_address>
         <size>0x737</size>
         <input_file_ref idref="fl-a"/>
      </object_component>
      <object_component id="oc-12f">
         <name>.debug_info</name>
         <load_address>0xd5bc</load_address>
         <run_address>0xd5bc</run_address>
         <size>0x105</size>
         <input_file_ref idref="fl-a"/>
      </object_component>
      <object_component id="oc-11c">
         <name>.debug_info</name>
         <load_address>0xd6c1</load_address>
         <run_address>0xd6c1</run_address>
         <size>0x2b2</size>
         <input_file_ref idref="fl-a"/>
      </object_component>
      <object_component id="oc-e8">
         <name>.debug_info</name>
         <load_address>0xd973</load_address>
         <run_address>0xd973</run_address>
         <size>0xa1c</size>
         <input_file_ref idref="fl-b"/>
      </object_component>
      <object_component id="oc-203">
         <name>.debug_info</name>
         <load_address>0xe38f</load_address>
         <run_address>0xe38f</run_address>
         <size>0x147</size>
         <input_file_ref idref="fl-b"/>
      </object_component>
      <object_component id="oc-116">
         <name>.debug_info</name>
         <load_address>0xe4d6</load_address>
         <run_address>0xe4d6</run_address>
         <size>0x45b</size>
         <input_file_ref idref="fl-b"/>
      </object_component>
      <object_component id="oc-2c2">
         <name>.debug_info</name>
         <load_address>0xe931</load_address>
         <run_address>0xe931</run_address>
         <size>0x297</size>
         <input_file_ref idref="fl-c"/>
      </object_component>
      <object_component id="oc-1bb">
         <name>.debug_info</name>
         <load_address>0xebc8</load_address>
         <run_address>0xebc8</run_address>
         <size>0x48b</size>
         <input_file_ref idref="fl-c"/>
      </object_component>
      <object_component id="oc-347">
         <name>.debug_info</name>
         <load_address>0xf053</load_address>
         <run_address>0xf053</run_address>
         <size>0xcc</size>
         <input_file_ref idref="fl-c"/>
      </object_component>
      <object_component id="oc-1b1">
         <name>.debug_info</name>
         <load_address>0xf11f</load_address>
         <run_address>0xf11f</run_address>
         <size>0x53</size>
         <input_file_ref idref="fl-c"/>
      </object_component>
      <object_component id="oc-326">
         <name>.debug_info</name>
         <load_address>0xf172</load_address>
         <run_address>0xf172</run_address>
         <size>0x6f2</size>
         <input_file_ref idref="fl-d"/>
      </object_component>
      <object_component id="oc-37f">
         <name>.debug_info</name>
         <load_address>0xf864</load_address>
         <run_address>0xf864</run_address>
         <size>0x76</size>
         <input_file_ref idref="fl-d"/>
      </object_component>
      <object_component id="oc-384">
         <name>.debug_info</name>
         <load_address>0xf8da</load_address>
         <run_address>0xf8da</run_address>
         <size>0x39</size>
         <input_file_ref idref="fl-d"/>
      </object_component>
      <object_component id="oc-285">
         <name>.debug_info</name>
         <load_address>0xf913</load_address>
         <run_address>0xf913</run_address>
         <size>0x4f</size>
         <input_file_ref idref="fl-d"/>
      </object_component>
      <object_component id="oc-299">
         <name>.debug_info</name>
         <load_address>0xf962</load_address>
         <run_address>0xf962</run_address>
         <size>0x531</size>
         <input_file_ref idref="fl-e"/>
      </object_component>
      <object_component id="oc-296">
         <name>.debug_info</name>
         <load_address>0xfe93</load_address>
         <run_address>0xfe93</run_address>
         <size>0x146</size>
         <input_file_ref idref="fl-e"/>
      </object_component>
      <object_component id="oc-293">
         <name>.debug_info</name>
         <load_address>0xffd9</load_address>
         <run_address>0xffd9</run_address>
         <size>0x146</size>
         <input_file_ref idref="fl-e"/>
      </object_component>
      <object_component id="oc-290">
         <name>.debug_info</name>
         <load_address>0x1011f</load_address>
         <run_address>0x1011f</run_address>
         <size>0x286</size>
         <input_file_ref idref="fl-e"/>
      </object_component>
      <object_component id="oc-186">
         <name>.debug_info</name>
         <load_address>0x103a5</load_address>
         <run_address>0x103a5</run_address>
         <size>0xe2b</size>
         <input_file_ref idref="fl-e"/>
      </object_component>
      <object_component id="oc-32b">
         <name>.debug_info</name>
         <load_address>0x111d0</load_address>
         <run_address>0x111d0</run_address>
         <size>0x62</size>
         <input_file_ref idref="fl-e"/>
      </object_component>
      <object_component id="oc-29b">
         <name>.debug_info</name>
         <load_address>0x11232</load_address>
         <run_address>0x11232</run_address>
         <size>0x3eb</size>
         <input_file_ref idref="fl-f"/>
      </object_component>
      <object_component id="oc-18c">
         <name>.debug_info</name>
         <load_address>0x1161d</load_address>
         <run_address>0x1161d</run_address>
         <size>0x7d7</size>
         <input_file_ref idref="fl-f"/>
      </object_component>
      <object_component id="oc-1cb">
         <name>.debug_info</name>
         <load_address>0x11df4</load_address>
         <run_address>0x11df4</run_address>
         <size>0x956</size>
         <input_file_ref idref="fl-10"/>
      </object_component>
      <object_component id="oc-df">
         <name>.debug_info</name>
         <load_address>0x1274a</load_address>
         <run_address>0x1274a</run_address>
         <size>0x476f</size>
         <input_file_ref idref="fl-10"/>
      </object_component>
      <object_component id="oc-2c5">
         <name>.debug_info</name>
         <load_address>0x16eb9</load_address>
         <run_address>0x16eb9</run_address>
         <size>0x1ef</size>
         <input_file_ref idref="fl-10"/>
      </object_component>
      <object_component id="oc-1c6">
         <name>.debug_info</name>
         <load_address>0x170a8</load_address>
         <run_address>0x170a8</run_address>
         <size>0x46</size>
         <input_file_ref idref="fl-10"/>
      </object_component>
      <object_component id="oc-106">
         <name>.debug_info</name>
         <load_address>0x170ee</load_address>
         <run_address>0x170ee</run_address>
         <size>0x2c</size>
         <input_file_ref idref="fl-11"/>
      </object_component>
      <object_component id="oc-17d">
         <name>.debug_info</name>
         <load_address>0x1711a</load_address>
         <run_address>0x1711a</run_address>
         <size>0x8f6</size>
         <input_file_ref idref="fl-12"/>
      </object_component>
      <object_component id="oc-be">
         <name>.debug_info</name>
         <load_address>0x17a10</load_address>
         <run_address>0x17a10</run_address>
         <size>0x3a2</size>
         <input_file_ref idref="fl-12"/>
      </object_component>
      <object_component id="oc-192">
         <name>.debug_info</name>
         <load_address>0x17db2</load_address>
         <run_address>0x17db2</run_address>
         <size>0x14b</size>
         <input_file_ref idref="fl-12"/>
      </object_component>
      <object_component id="oc-1a7">
         <name>.debug_info</name>
         <load_address>0x17efd</load_address>
         <run_address>0x17efd</run_address>
         <size>0x14b</size>
         <input_file_ref idref="fl-12"/>
      </object_component>
      <object_component id="oc-1aa">
         <name>.debug_info</name>
         <load_address>0x18048</load_address>
         <run_address>0x18048</run_address>
         <size>0x14b</size>
         <input_file_ref idref="fl-12"/>
      </object_component>
      <object_component id="oc-198">
         <name>.debug_info</name>
         <load_address>0x18193</load_address>
         <run_address>0x18193</run_address>
         <size>0x18e</size>
         <input_file_ref idref="fl-12"/>
      </object_component>
      <object_component id="oc-1a4">
         <name>.debug_info</name>
         <load_address>0x18321</load_address>
         <run_address>0x18321</run_address>
         <size>0x14b</size>
         <input_file_ref idref="fl-12"/>
      </object_component>
      <object_component id="oc-195">
         <name>.debug_info</name>
         <load_address>0x1846c</load_address>
         <run_address>0x1846c</run_address>
         <size>0x159</size>
         <input_file_ref idref="fl-12"/>
      </object_component>
      <object_component id="oc-19b">
         <name>.debug_info</name>
         <load_address>0x185c5</load_address>
         <run_address>0x185c5</run_address>
         <size>0x14d</size>
         <input_file_ref idref="fl-12"/>
      </object_component>
      <object_component id="oc-c4">
         <name>.debug_info</name>
         <load_address>0x18712</load_address>
         <run_address>0x18712</run_address>
         <size>0x7ee8</size>
         <input_file_ref idref="fl-12"/>
      </object_component>
      <object_component id="oc-17e">
         <name>.debug_info</name>
         <load_address>0x205fa</load_address>
         <run_address>0x205fa</run_address>
         <size>0x30c</size>
         <input_file_ref idref="fl-12"/>
      </object_component>
      <object_component id="oc-28a">
         <name>.debug_info</name>
         <load_address>0x20906</load_address>
         <run_address>0x20906</run_address>
         <size>0x16e</size>
         <input_file_ref idref="fl-12"/>
      </object_component>
      <object_component id="oc-2b6">
         <name>.debug_info</name>
         <load_address>0x20a74</load_address>
         <run_address>0x20a74</run_address>
         <size>0x88c</size>
         <input_file_ref idref="fl-13"/>
      </object_component>
      <object_component id="oc-2ab">
         <name>.debug_info</name>
         <load_address>0x21300</load_address>
         <run_address>0x21300</run_address>
         <size>0x14b</size>
         <input_file_ref idref="fl-13"/>
      </object_component>
      <object_component id="oc-2ae">
         <name>.debug_info</name>
         <load_address>0x2144b</load_address>
         <run_address>0x2144b</run_address>
         <size>0x14b</size>
         <input_file_ref idref="fl-13"/>
      </object_component>
      <object_component id="oc-2a8">
         <name>.debug_info</name>
         <load_address>0x21596</load_address>
         <run_address>0x21596</run_address>
         <size>0x183</size>
         <input_file_ref idref="fl-13"/>
      </object_component>
      <object_component id="oc-2a5">
         <name>.debug_info</name>
         <load_address>0x21719</load_address>
         <run_address>0x21719</run_address>
         <size>0x16f</size>
         <input_file_ref idref="fl-13"/>
      </object_component>
      <object_component id="oc-19e">
         <name>.debug_info</name>
         <load_address>0x21888</load_address>
         <run_address>0x21888</run_address>
         <size>0x2c47</size>
         <input_file_ref idref="fl-13"/>
      </object_component>
      <object_component id="oc-2b7">
         <name>.debug_info</name>
         <load_address>0x244cf</load_address>
         <run_address>0x244cf</run_address>
         <size>0x1ce</size>
         <input_file_ref idref="fl-13"/>
      </object_component>
      <object_component id="oc-2b1">
         <name>.debug_info</name>
         <load_address>0x2469d</load_address>
         <run_address>0x2469d</run_address>
         <size>0x46</size>
         <input_file_ref idref="fl-13"/>
      </object_component>
      <object_component id="oc-ce">
         <name>.debug_info</name>
         <load_address>0x246e3</load_address>
         <run_address>0x246e3</run_address>
         <size>0x57a</size>
         <input_file_ref idref="fl-14"/>
      </object_component>
      <object_component id="oc-c1">
         <name>.debug_info</name>
         <load_address>0x24c5d</load_address>
         <run_address>0x24c5d</run_address>
         <size>0x1c0</size>
         <input_file_ref idref="fl-14"/>
      </object_component>
      <object_component id="oc-cb">
         <name>.debug_info</name>
         <load_address>0x24e1d</load_address>
         <run_address>0x24e1d</run_address>
         <size>0x29b</size>
         <input_file_ref idref="fl-14"/>
      </object_component>
      <object_component id="oc-73">
         <name>.debug_info</name>
         <load_address>0x250b8</load_address>
         <run_address>0x250b8</run_address>
         <size>0x10c8</size>
         <input_file_ref idref="fl-14"/>
      </object_component>
      <object_component id="oc-6e">
         <name>.debug_info</name>
         <load_address>0x26180</load_address>
         <run_address>0x26180</run_address>
         <size>0x2ad</size>
         <input_file_ref idref="fl-15"/>
      </object_component>
      <object_component id="oc-99">
         <name>.debug_info</name>
         <load_address>0x2642d</load_address>
         <run_address>0x2642d</run_address>
         <size>0x147</size>
         <input_file_ref idref="fl-cf"/>
      </object_component>
      <object_component id="oc-20e">
         <name>.debug_info</name>
         <load_address>0x26574</load_address>
         <run_address>0x26574</run_address>
         <size>0x13a</size>
         <input_file_ref idref="fl-d0"/>
      </object_component>
      <object_component id="oc-237">
         <name>.debug_info</name>
         <load_address>0x266ae</load_address>
         <run_address>0x266ae</run_address>
         <size>0x12e</size>
         <input_file_ref idref="fl-d1"/>
      </object_component>
      <object_component id="oc-213">
         <name>.debug_info</name>
         <load_address>0x267dc</load_address>
         <run_address>0x267dc</run_address>
         <size>0x13e</size>
         <input_file_ref idref="fl-d2"/>
      </object_component>
      <object_component id="oc-209">
         <name>.debug_info</name>
         <load_address>0x2691a</load_address>
         <run_address>0x2691a</run_address>
         <size>0x12c</size>
         <input_file_ref idref="fl-d3"/>
      </object_component>
      <object_component id="oc-38">
         <name>.debug_info</name>
         <load_address>0x26a46</load_address>
         <run_address>0x26a46</run_address>
         <size>0x119</size>
         <input_file_ref idref="fl-d4"/>
      </object_component>
      <object_component id="oc-97">
         <name>.debug_info</name>
         <load_address>0x26b5f</load_address>
         <run_address>0x26b5f</run_address>
         <size>0x2d4</size>
         <input_file_ref idref="fl-d5"/>
      </object_component>
      <object_component id="oc-4c">
         <name>.debug_info</name>
         <load_address>0x26e33</load_address>
         <run_address>0x26e33</run_address>
         <size>0x1b5</size>
         <input_file_ref idref="fl-d5"/>
      </object_component>
      <object_component id="oc-92">
         <name>.debug_info</name>
         <load_address>0x26fe8</load_address>
         <run_address>0x26fe8</run_address>
         <size>0x46</size>
         <input_file_ref idref="fl-d5"/>
      </object_component>
      <object_component id="oc-42">
         <name>.debug_info</name>
         <load_address>0x2702e</load_address>
         <run_address>0x2702e</run_address>
         <size>0x2a8</size>
         <input_file_ref idref="fl-d6"/>
      </object_component>
      <object_component id="oc-20">
         <name>.debug_info</name>
         <load_address>0x272d6</load_address>
         <run_address>0x272d6</run_address>
         <size>0x1ea</size>
         <input_file_ref idref="fl-d6"/>
      </object_component>
      <object_component id="oc-3d">
         <name>.debug_info</name>
         <load_address>0x274c0</load_address>
         <run_address>0x274c0</run_address>
         <size>0x46</size>
         <input_file_ref idref="fl-d6"/>
      </object_component>
      <object_component id="oc-8a">
         <name>.debug_info</name>
         <load_address>0x27506</load_address>
         <run_address>0x27506</run_address>
         <size>0x2c</size>
         <input_file_ref idref="fl-d6"/>
      </object_component>
      <object_component id="oc-88">
         <name>.debug_info</name>
         <load_address>0x27532</load_address>
         <run_address>0x27532</run_address>
         <size>0x29e</size>
         <input_file_ref idref="fl-d7"/>
      </object_component>
      <object_component id="oc-18">
         <name>.debug_info</name>
         <load_address>0x277d0</load_address>
         <run_address>0x277d0</run_address>
         <size>0x250</size>
         <input_file_ref idref="fl-d7"/>
      </object_component>
      <object_component id="oc-2d">
         <name>.debug_info</name>
         <load_address>0x27a20</load_address>
         <run_address>0x27a20</run_address>
         <size>0x60</size>
         <input_file_ref idref="fl-d7"/>
      </object_component>
      <object_component id="oc-ff">
         <name>.debug_info</name>
         <load_address>0x27a80</load_address>
         <run_address>0x27a80</run_address>
         <size>0x46</size>
         <input_file_ref idref="fl-d7"/>
      </object_component>
      <object_component id="oc-83">
         <name>.debug_info</name>
         <load_address>0x27ac6</load_address>
         <run_address>0x27ac6</run_address>
         <size>0x39</size>
         <input_file_ref idref="fl-d7"/>
      </object_component>
      <object_component id="oc-2e0">
         <name>.debug_info</name>
         <load_address>0x27aff</load_address>
         <run_address>0x27aff</run_address>
         <size>0x2ba</size>
         <input_file_ref idref="fl-d8"/>
      </object_component>
      <object_component id="oc-2dd">
         <name>.debug_info</name>
         <load_address>0x27db9</load_address>
         <run_address>0x27db9</run_address>
         <size>0xfb</size>
         <input_file_ref idref="fl-d8"/>
      </object_component>
      <object_component id="oc-1fa">
         <name>.debug_info</name>
         <load_address>0x27eb4</load_address>
         <run_address>0x27eb4</run_address>
         <size>0x15d</size>
         <input_file_ref idref="fl-d8"/>
      </object_component>
      <object_component id="oc-23c">
         <name>.debug_info</name>
         <load_address>0x28011</load_address>
         <run_address>0x28011</run_address>
         <size>0x13d</size>
         <input_file_ref idref="fl-d8"/>
      </object_component>
      <object_component id="oc-2db">
         <name>.debug_info</name>
         <load_address>0x2814e</load_address>
         <run_address>0x2814e</run_address>
         <size>0x2a4</size>
         <input_file_ref idref="fl-d9"/>
      </object_component>
      <object_component id="oc-1f4">
         <name>.debug_info</name>
         <load_address>0x283f2</load_address>
         <run_address>0x283f2</run_address>
         <size>0x181</size>
         <input_file_ref idref="fl-d9"/>
      </object_component>
      <object_component id="oc-361">
         <name>.debug_info</name>
         <load_address>0x28573</load_address>
         <run_address>0x28573</run_address>
         <size>0x39</size>
         <input_file_ref idref="fl-d9"/>
      </object_component>
      <object_component id="oc-2d6">
         <name>.debug_info</name>
         <load_address>0x285ac</load_address>
         <run_address>0x285ac</run_address>
         <size>0x39</size>
         <input_file_ref idref="fl-d9"/>
      </object_component>
      <object_component id="oc-2a">
         <name>.debug_info</name>
         <load_address>0x285e5</load_address>
         <run_address>0x285e5</run_address>
         <size>0x10b</size>
         <input_file_ref idref="fl-da"/>
      </object_component>
      <object_component id="oc-57">
         <name>.debug_info</name>
         <load_address>0x286f0</load_address>
         <run_address>0x286f0</run_address>
         <size>0x1a9</size>
         <input_file_ref idref="fl-da"/>
      </object_component>
      <object_component id="oc-26c">
         <name>.debug_info</name>
         <load_address>0x28899</load_address>
         <run_address>0x28899</run_address>
         <size>0x4b3</size>
         <input_file_ref idref="fl-db"/>
      </object_component>
      <object_component id="oc-146">
         <name>.debug_info</name>
         <load_address>0x28d4c</load_address>
         <run_address>0x28d4c</run_address>
         <size>0x1a6</size>
         <input_file_ref idref="fl-db"/>
      </object_component>
      <object_component id="oc-315">
         <name>.debug_info</name>
         <load_address>0x28ef2</load_address>
         <run_address>0x28ef2</run_address>
         <size>0x39</size>
         <input_file_ref idref="fl-db"/>
      </object_component>
      <object_component id="oc-371">
         <name>.debug_info</name>
         <load_address>0x28f2b</load_address>
         <run_address>0x28f2b</run_address>
         <size>0x39</size>
         <input_file_ref idref="fl-db"/>
      </object_component>
      <object_component id="oc-31a">
         <name>.debug_info</name>
         <load_address>0x28f64</load_address>
         <run_address>0x28f64</run_address>
         <size>0x39</size>
         <input_file_ref idref="fl-db"/>
      </object_component>
      <object_component id="oc-31f">
         <name>.debug_info</name>
         <load_address>0x28f9d</load_address>
         <run_address>0x28f9d</run_address>
         <size>0xcd</size>
         <input_file_ref idref="fl-db"/>
      </object_component>
      <object_component id="oc-a2">
         <name>.debug_info</name>
         <load_address>0x2906a</load_address>
         <run_address>0x2906a</run_address>
         <size>0x153</size>
         <input_file_ref idref="fl-dc"/>
      </object_component>
      <object_component id="oc-13b">
         <name>.debug_info</name>
         <load_address>0x291bd</load_address>
         <run_address>0x291bd</run_address>
         <size>0x122</size>
         <input_file_ref idref="fl-de"/>
      </object_component>
      <object_component id="oc-30f">
         <name>.debug_info</name>
         <load_address>0x292df</load_address>
         <run_address>0x292df</run_address>
         <size>0x2c9</size>
         <input_file_ref idref="fl-df"/>
      </object_component>
      <object_component id="oc-266">
         <name>.debug_info</name>
         <load_address>0x295a8</load_address>
         <run_address>0x295a8</run_address>
         <size>0x11e</size>
         <input_file_ref idref="fl-df"/>
      </object_component>
      <object_component id="oc-309">
         <name>.debug_info</name>
         <load_address>0x296c6</load_address>
         <run_address>0x296c6</run_address>
         <size>0x12e</size>
         <input_file_ref idref="fl-df"/>
      </object_component>
      <object_component id="oc-2d2">
         <name>.debug_info</name>
         <load_address>0x297f4</load_address>
         <run_address>0x297f4</run_address>
         <size>0x18d</size>
         <input_file_ref idref="fl-e1"/>
      </object_component>
      <object_component id="oc-391">
         <name>.debug_info</name>
         <load_address>0x29981</load_address>
         <run_address>0x29981</run_address>
         <size>0x39</size>
         <input_file_ref idref="fl-e1"/>
      </object_component>
      <object_component id="oc-35c">
         <name>.debug_info</name>
         <load_address>0x299ba</load_address>
         <run_address>0x299ba</run_address>
         <size>0x39</size>
         <input_file_ref idref="fl-e1"/>
      </object_component>
      <object_component id="oc-38d">
         <name>.debug_info</name>
         <load_address>0x299f3</load_address>
         <run_address>0x299f3</run_address>
         <size>0x2bb</size>
         <input_file_ref idref="fl-e2"/>
      </object_component>
      <object_component id="oc-38a">
         <name>.debug_info</name>
         <load_address>0x29cae</load_address>
         <run_address>0x29cae</run_address>
         <size>0x108</size>
         <input_file_ref idref="fl-e2"/>
      </object_component>
      <object_component id="oc-34d">
         <name>.debug_info</name>
         <load_address>0x29db6</load_address>
         <run_address>0x29db6</run_address>
         <size>0x1df</size>
         <input_file_ref idref="fl-e2"/>
      </object_component>
      <object_component id="oc-353">
         <name>.debug_info</name>
         <load_address>0x29f95</load_address>
         <run_address>0x29f95</run_address>
         <size>0x19a</size>
         <input_file_ref idref="fl-e2"/>
      </object_component>
      <object_component id="oc-359">
         <name>.debug_info</name>
         <load_address>0x2a12f</load_address>
         <run_address>0x2a12f</run_address>
         <size>0x3a3</size>
         <input_file_ref idref="fl-e3"/>
      </object_component>
      <object_component id="oc-3cf">
         <name>.debug_info</name>
         <load_address>0x2a4d2</load_address>
         <run_address>0x2a4d2</run_address>
         <size>0xb6</size>
      </object_component>
      <object_component id="oc-2cb">
         <name>.debug_line</name>
         <load_address>0x0</load_address>
         <run_address>0x0</run_address>
         <size>0x2c</size>
         <input_file_ref idref="fl-2"/>
      </object_component>
      <object_component id="oc-1f1">
         <name>.debug_line</name>
         <load_address>0x2c</load_address>
         <run_address>0x2c</run_address>
         <size>0x1e0</size>
         <input_file_ref idref="fl-2"/>
      </object_component>
      <object_component id="oc-f6">
         <name>.debug_line</name>
         <load_address>0x20c</load_address>
         <run_address>0x20c</run_address>
         <size>0x63</size>
         <input_file_ref idref="fl-2"/>
      </object_component>
      <object_component id="oc-fd">
         <name>.debug_line</name>
         <load_address>0x26f</load_address>
         <run_address>0x26f</run_address>
         <size>0x7a</size>
         <input_file_ref idref="fl-2"/>
      </object_component>
      <object_component id="oc-1d8">
         <name>.debug_line</name>
         <load_address>0x2e9</load_address>
         <run_address>0x2e9</run_address>
         <size>0x66</size>
         <input_file_ref idref="fl-2"/>
      </object_component>
      <object_component id="oc-35">
         <name>.debug_line</name>
         <load_address>0x34f</load_address>
         <run_address>0x34f</run_address>
         <size>0x20</size>
         <input_file_ref idref="fl-2"/>
      </object_component>
      <object_component id="oc-1c3">
         <name>.debug_line</name>
         <load_address>0x36f</load_address>
         <run_address>0x36f</run_address>
         <size>0x7e</size>
         <input_file_ref idref="fl-2"/>
      </object_component>
      <object_component id="oc-dc">
         <name>.debug_line</name>
         <load_address>0x3ed</load_address>
         <run_address>0x3ed</run_address>
         <size>0x7b</size>
         <input_file_ref idref="fl-2"/>
      </object_component>
      <object_component id="oc-260">
         <name>.debug_line</name>
         <load_address>0x468</load_address>
         <run_address>0x468</run_address>
         <size>0x21d</size>
         <input_file_ref idref="fl-3"/>
      </object_component>
      <object_component id="oc-a8">
         <name>.debug_line</name>
         <load_address>0x685</load_address>
         <run_address>0x685</run_address>
         <size>0x81</size>
         <input_file_ref idref="fl-3"/>
      </object_component>
      <object_component id="oc-24a">
         <name>.debug_line</name>
         <load_address>0x706</load_address>
         <run_address>0x706</run_address>
         <size>0x70</size>
         <input_file_ref idref="fl-3"/>
      </object_component>
      <object_component id="oc-f1">
         <name>.debug_line</name>
         <load_address>0x776</load_address>
         <run_address>0x776</run_address>
         <size>0x70</size>
         <input_file_ref idref="fl-3"/>
      </object_component>
      <object_component id="oc-136">
         <name>.debug_line</name>
         <load_address>0x7e6</load_address>
         <run_address>0x7e6</run_address>
         <size>0x86</size>
         <input_file_ref idref="fl-3"/>
      </object_component>
      <object_component id="oc-1e7">
         <name>.debug_line</name>
         <load_address>0x86c</load_address>
         <run_address>0x86c</run_address>
         <size>0x8a</size>
         <input_file_ref idref="fl-3"/>
      </object_component>
      <object_component id="oc-1dd">
         <name>.debug_line</name>
         <load_address>0x8f6</load_address>
         <run_address>0x8f6</run_address>
         <size>0x87</size>
         <input_file_ref idref="fl-3"/>
      </object_component>
      <object_component id="oc-d2">
         <name>.debug_line</name>
         <load_address>0x97d</load_address>
         <run_address>0x97d</run_address>
         <size>0x8a</size>
         <input_file_ref idref="fl-3"/>
      </object_component>
      <object_component id="oc-d7">
         <name>.debug_line</name>
         <load_address>0xa07</load_address>
         <run_address>0xa07</run_address>
         <size>0x99</size>
         <input_file_ref idref="fl-3"/>
      </object_component>
      <object_component id="oc-1e2">
         <name>.debug_line</name>
         <load_address>0xaa0</load_address>
         <run_address>0xaa0</run_address>
         <size>0x75</size>
         <input_file_ref idref="fl-3"/>
      </object_component>
      <object_component id="oc-1b9">
         <name>.debug_line</name>
         <load_address>0xb15</load_address>
         <run_address>0xb15</run_address>
         <size>0x86</size>
         <input_file_ref idref="fl-3"/>
      </object_component>
      <object_component id="oc-36d">
         <name>.debug_line</name>
         <load_address>0xb9b</load_address>
         <run_address>0xb9b</run_address>
         <size>0x20</size>
         <input_file_ref idref="fl-4"/>
      </object_component>
      <object_component id="oc-2fc">
         <name>.debug_line</name>
         <load_address>0xbbb</load_address>
         <run_address>0xbbb</run_address>
         <size>0x3b</size>
         <input_file_ref idref="fl-4"/>
      </object_component>
      <object_component id="oc-2fa">
         <name>.debug_line</name>
         <load_address>0xbf6</load_address>
         <run_address>0xbf6</run_address>
         <size>0x3b</size>
         <input_file_ref idref="fl-4"/>
      </object_component>
      <object_component id="oc-300">
         <name>.debug_line</name>
         <load_address>0xc31</load_address>
         <run_address>0xc31</run_address>
         <size>0x3b</size>
         <input_file_ref idref="fl-4"/>
      </object_component>
      <object_component id="oc-2e9">
         <name>.debug_line</name>
         <load_address>0xc6c</load_address>
         <run_address>0xc6c</run_address>
         <size>0x3b</size>
         <input_file_ref idref="fl-4"/>
      </object_component>
      <object_component id="oc-2ec">
         <name>.debug_line</name>
         <load_address>0xca7</load_address>
         <run_address>0xca7</run_address>
         <size>0x3b</size>
         <input_file_ref idref="fl-4"/>
      </object_component>
      <object_component id="oc-2ee">
         <name>.debug_line</name>
         <load_address>0xce2</load_address>
         <run_address>0xce2</run_address>
         <size>0x3b</size>
         <input_file_ref idref="fl-4"/>
      </object_component>
      <object_component id="oc-2f0">
         <name>.debug_line</name>
         <load_address>0xd1d</load_address>
         <run_address>0xd1d</run_address>
         <size>0x3b</size>
         <input_file_ref idref="fl-4"/>
      </object_component>
      <object_component id="oc-2f2">
         <name>.debug_line</name>
         <load_address>0xd58</load_address>
         <run_address>0xd58</run_address>
         <size>0x3b</size>
         <input_file_ref idref="fl-4"/>
      </object_component>
      <object_component id="oc-2f4">
         <name>.debug_line</name>
         <load_address>0xd93</load_address>
         <run_address>0xd93</run_address>
         <size>0x3b</size>
         <input_file_ref idref="fl-4"/>
      </object_component>
      <object_component id="oc-2f6">
         <name>.debug_line</name>
         <load_address>0xdce</load_address>
         <run_address>0xdce</run_address>
         <size>0x3b</size>
         <input_file_ref idref="fl-4"/>
      </object_component>
      <object_component id="oc-2f8">
         <name>.debug_line</name>
         <load_address>0xe09</load_address>
         <run_address>0xe09</run_address>
         <size>0x3b</size>
         <input_file_ref idref="fl-4"/>
      </object_component>
      <object_component id="oc-f9">
         <name>.debug_line</name>
         <load_address>0xe44</load_address>
         <run_address>0xe44</run_address>
         <size>0x40</size>
         <input_file_ref idref="fl-5"/>
      </object_component>
      <object_component id="oc-7f">
         <name>.debug_line</name>
         <load_address>0xe84</load_address>
         <run_address>0xe84</run_address>
         <size>0x40</size>
         <input_file_ref idref="fl-5"/>
      </object_component>
      <object_component id="oc-6b">
         <name>.debug_line</name>
         <load_address>0xec4</load_address>
         <run_address>0xec4</run_address>
         <size>0x71</size>
         <input_file_ref idref="fl-5"/>
      </object_component>
      <object_component id="oc-282">
         <name>.debug_line</name>
         <load_address>0xf35</load_address>
         <run_address>0xf35</run_address>
         <size>0x3b</size>
         <input_file_ref idref="fl-6"/>
      </object_component>
      <object_component id="oc-ba">
         <name>.debug_line</name>
[...]
         <name>vTaskDelete</name>
         <value>0x323</value>
         <object_component_ref idref="oc-c3"/>
      </symbol>
      <symbol id="sm-802">
         <name>xTaskGetApplicationTaskTag</name>
         <value>0xed7</value>
         <object_component_ref idref="oc-c3"/>
      </symbol>
      <symbol id="sm-803">
         <name>xTaskCallApplicationTaskHook</name>
         <value>0xf49</value>
         <object_component_ref idref="oc-c3"/>
      </symbol>
      <symbol id="sm-804">
         <name>ulTaskGenericNotifyValueClear</name>
         <value>0x20a3</value>
         <object_component_ref idref="oc-c3"/>
      </symbol>
      <symbol id="sm-805">
         <name>xTaskGenericNotifyWait</name>
         <value>0x1b2d</value>
         <object_component_ref idref="oc-c3"/>
      </symbol>
      <symbol id="sm-806">
         <name>pxCurrentTCB</name>
         <value>0x200083f0</value>
         <object_component_ref idref="oc-bd"/>
      </symbol>
      <symbol id="sm-807">
         <name>eTaskGetState</name>
         <value>0x539</value>
         <object_component_ref idref="oc-c3"/>
      </symbol>
      <symbol id="sm-808">
         <name>vTaskSuspend</name>
         <value>0x7b1</value>
         <object_component_ref idref="oc-c3"/>
      </symbol>
      <symbol id="sm-809">
         <name>xTaskGetTickCountFromISR</name>
         <value>0xbbb</value>
         <object_component_ref idref="oc-c3"/>
      </symbol>
      <symbol id="sm-80a">
         <name>vTaskResume</name>
         <value>0x915</value>
         <object_component_ref idref="oc-c3"/>
      </symbol>
      <symbol id="sm-80b">
         <name>vTaskPlaceOnEventListRestricted</name>
         <value>0x10f5</value>
         <object_component_ref idref="oc-c3"/>
      </symbol>
      <symbol id="sm-80c">
         <name>vTaskSetTimeOutState</name>
         <value>0x125b</value>
         <object_component_ref idref="oc-c3"/>
      </symbol>
      <symbol id="sm-80d">
         <name>xTaskIncrementTick</name>
         <value>0xd85</value>
         <object_component_ref idref="oc-c3"/>
      </symbol>
      <symbol id="sm-80e">
         <name>vTaskSwitchContext</name>
         <value>0xf89</value>
         <object_component_ref idref="oc-c3"/>
      </symbol>
      <symbol id="sm-80f">
         <name>uxTaskResetEventItemValue</name>
         <value>0x1a33</value>
         <object_component_ref idref="oc-c3"/>
      </symbol>
      <symbol id="sm-810">
         <name>xTaskGetSchedulerState</name>
         <value>0x175b</value>
         <object_component_ref idref="oc-c3"/>
      </symbol>
      <symbol id="sm-811">
         <name>xTaskGetCurrentTaskHandle</name>
         <value>0x174b</value>
         <object_component_ref idref="oc-c3"/>
      </symbol>
      <symbol id="sm-812">
         <name>vTaskPlaceOnUnorderedEventList</name>
         <value>0x108d</value>
         <object_component_ref idref="oc-c3"/>
      </symbol>
      <symbol id="sm-813">
         <name>xTaskRemoveFromEventList</name>
         <value>0x1135</value>
         <object_component_ref idref="oc-c3"/>
      </symbol>
      <symbol id="sm-814">
         <name>eTaskConfirmSleepModeStatus</name>
         <value>0x13fd</value>
         <object_component_ref idref="oc-c3"/>
      </symbol>
      <symbol id="sm-815">
         <name>xTaskPriorityInherit</name>
         <value>0x17a5</value>
         <object_component_ref idref="oc-c3"/>
      </symbol>
      <symbol id="sm-8d2">
         <name>vTimerSetTimerNumber</name>
         <value>0x4837</value>
         <object_component_ref idref="oc-19d"/>
      </symbol>
      <symbol id="sm-8d3">
         <name>xTimerGetTimerDaemonTaskHandle</name>
         <value>0x421b</value>
         <object_component_ref idref="oc-19d"/>
      </symbol>
      <symbol id="sm-8d4">
         <name>pcTimerGetName</name>
         <value>0x4313</value>
         <object_component_ref idref="oc-19d"/>
      </symbol>
      <symbol id="sm-8d5">
         <name>xTimerCreateTimerTask</name>
         <value>0x40b9</value>
         <object_component_ref idref="oc-19d"/>
      </symbol>
      <symbol id="sm-8d6">
         <name>xTimerGetExpiryTime</name>
         <value>0x42e9</value>
         <object_component_ref idref="oc-19d"/>
      </symbol>
      <symbol id="sm-8d7">
         <name>uxTimerGetTimerNumber</name>
         <value>0x4829</value>
         <object_component_ref idref="oc-19d"/>
      </symbol>
      <symbol id="sm-8d8">
         <name>xTimerIsTimerActive</name>
         <value>0x4791</value>
         <object_component_ref idref="oc-19d"/>
      </symbol>
      <symbol id="sm-8d9">
         <name>xTimerGetPeriod</name>
         <value>0x423d</value>
         <object_component_ref idref="oc-19d"/>
      </symbol>
      <symbol id="sm-8da">
         <name>xTimerCreate</name>
         <value>0x40f9</value>
         <object_component_ref idref="oc-19d"/>
      </symbol>
      <symbol id="sm-8db">
         <name>vTimerSetReloadMode</name>
         <value>0x4263</value>
         <object_component_ref idref="oc-19d"/>
      </symbol>
      <symbol id="sm-8dc">
         <name>xTimerGenericCommand</name>
         <value>0x419b</value>
         <object_component_ref idref="oc-19d"/>
      </symbol>
      <symbol id="sm-8dd">
         <name>uxTimerGetReloadMode</name>
         <value>0x42ad</value>
         <object_component_ref idref="oc-19d"/>
      </symbol>
      <symbol id="sm-8de">
         <name>pvTimerGetTimerID</name>
         <value>0x47cd</value>
         <object_component_ref idref="oc-19d"/>
      </symbol>
      <symbol id="sm-8df">
         <name>vTimerSetTimerID</name>
         <value>0x47fb</value>
         <object_component_ref idref="oc-19d"/>
      </symbol>
      <symbol id="sm-947">
         <name>ulMaxSyscallInterruptPriority</name>
         <value>0x6b20</value>
         <object_component_ref idref="oc-c0"/>
      </symbol>
      <symbol id="sm-948">
         <name>vPortSetupTimerInterrupt</name>
         <value>0x55b5</value>
         <object_component_ref idref="oc-72"/>
      </symbol>
      <symbol id="sm-949">
         <name>vPortEndScheduler</name>
         <value>0x539d</value>
         <object_component_ref idref="oc-72"/>
      </symbol>
      <symbol id="sm-94a">
         <name>vPortSuppressTicksAndSleep</name>
         <value>0x545d</value>
         <object_component_ref idref="oc-72"/>
      </symbol>
      <symbol id="sm-94b">
         <name>xPortSysTickHandler</name>
         <value>0x542f</value>
         <object_component_ref idref="oc-72"/>
      </symbol>
      <symbol id="sm-94c">
         <name>vPortValidateInterruptPriority</name>
         <value>0x55fd</value>
         <object_component_ref idref="oc-72"/>
      </symbol>
      <symbol id="sm-94d">
         <name>pxPortInitialiseStack</name>
         <value>0x5259</value>
         <object_component_ref idref="oc-72"/>
      </symbol>
      <symbol id="sm-94e">
         <name>vPortExitCritical</name>
         <value>0x5403</value>
         <object_component_ref idref="oc-72"/>
      </symbol>
      <symbol id="sm-94f">
         <name>xPortStartScheduler</name>
         <value>0x52e5</value>
         <object_component_ref idref="oc-72"/>
      </symbol>
      <symbol id="sm-950">
         <name>vPortEnterCritical</name>
         <value>0x53c1</value>
         <object_component_ref idref="oc-72"/>
      </symbol>
      <symbol id="sm-95f">
         <name>vPortStartFirstTask</name>
         <value>0x652d</value>
         <object_component_ref idref="oc-6d"/>
      </symbol>
      <symbol id="sm-960">
         <name>ulPortGetIPSR</name>
         <value>0x6495</value>
         <object_component_ref idref="oc-6d"/>
      </symbol>
      <symbol id="sm-961">
         <name>vPortEnableVFP</name>
         <value>0x6551</value>
         <object_component_ref idref="oc-6d"/>
      </symbol>
      <symbol id="sm-962">
         <name>xPortPendSVHandler</name>
         <value>0x64ad</value>
         <object_component_ref idref="oc-6d"/>
      </symbol>
      <symbol id="sm-963">
         <name>vPortSVCHandler</name>
         <value>0x650d</value>
         <object_component_ref idref="oc-6d"/>
      </symbol>
      <symbol id="sm-972">
         <name>__aeabi_memset</name>
         <value>0x671f</value>
         <object_component_ref idref="oc-98"/>
      </symbol>
      <symbol id="sm-973">
         <name>memset</name>
         <value>0x6725</value>
         <object_component_ref idref="oc-98"/>
      </symbol>
      <symbol id="sm-974">
         <name>__aeabi_memset8</name>
         <value>0x671f</value>
         <object_component_ref idref="oc-98"/>
      </symbol>
      <symbol id="sm-975">
         <name>__aeabi_memset4</name>
         <value>0x671f</value>
         <object_component_ref idref="oc-98"/>
      </symbol>
      <symbol id="sm-976">
         <name>__aeabi_memclr8</name>
         <value>0x671d</value>
         <object_component_ref idref="oc-98"/>
      </symbol>
      <symbol id="sm-977">
         <name>__aeabi_memclr4</name>
         <value>0x671d</value>
         <object_component_ref idref="oc-98"/>
      </symbol>
      <symbol id="sm-978">
         <name>__aeabi_memclr</name>
         <value>0x671d</value>
         <object_component_ref idref="oc-98"/>
      </symbol>
      <symbol id="sm-983">
         <name>__aeabi_dmul</name>
         <value>0x6387</value>
         <object_component_ref idref="oc-20d"/>
      </symbol>
      <symbol id="sm-98d">
         <name>__aeabi_d2iz</name>
         <value>0x68b5</value>
         <object_component_ref idref="oc-236"/>
      </symbol>
      <symbol id="sm-999">
         <name>__aeabi_d2f</name>
         <value>0x6797</value>
         <object_component_ref idref="oc-212"/>
      </symbol>
      <symbol id="sm-9a3">
         <name>__aeabi_i2d</name>
         <value>0x6a15</value>
         <object_component_ref idref="oc-208"/>
      </symbol>
      <symbol id="sm-9be">
         <name>memcpy</name>
         <value>0x655f</value>
         <object_component_ref idref="oc-37"/>
      </symbol>
      <symbol id="sm-9bf">
         <name>__aeabi_memcpy</name>
         <value>0x655f</value>
         <object_component_ref idref="oc-37"/>
      </symbol>
      <symbol id="sm-9c0">
         <name>__aeabi_memcpy8</name>
         <value>0x655f</value>
         <object_component_ref idref="oc-37"/>
      </symbol>
      <symbol id="sm-9c1">
         <name>__aeabi_memcpy4</name>
         <value>0x655f</value>
         <object_component_ref idref="oc-37"/>
      </symbol>
      <symbol id="sm-9d3">
         <name>__TI_zero_init</name>
         <value>0x6a93</value>
         <object_component_ref idref="oc-49"/>
      </symbol>
      <symbol id="sm-9ea">
         <name>__TI_decompress_none</name>
         <value>0x6a77</value>
         <object_component_ref idref="oc-1d"/>
      </symbol>
      <symbol id="sm-a0d">
         <name>__TI_decompress_lzss</name>
         <value>0x6805</value>
         <object_component_ref idref="oc-17"/>
      </symbol>
      <symbol id="sm-a32">
         <name>rand</name>
         <value>0x69e1</value>
         <object_component_ref idref="oc-23b"/>
      </symbol>
      <symbol id="sm-a33">
         <name>srand</name>
         <value>0x6a45</value>
         <object_component_ref idref="oc-1f9"/>
      </symbol>
      <symbol id="sm-a4b">
         <name>__time32</name>
         <value>0x6a69</value>
         <object_component_ref idref="oc-1f3"/>
      </symbol>
      <symbol id="sm-a4c">
         <name>time</name>
         <value>0x6a69</value>
         <object_component_ref idref="oc-1f3"/>
      </symbol>
      <symbol id="sm-a5f">
         <name>__stack</name>
         <value>0x2000fe00</value>
         <object_component_ref idref="oc-29"/>
      </symbol>
      <symbol id="sm-a60">
         <name>_c_int00_noargs</name>
         <value>0x69ad</value>
         <object_component_ref idref="oc-55"/>
      </symbol>
      <symbol id="sm-a88">
         <name>__TI_auto_init_nobinit_nopinit</name>
         <value>0x68fd</value>
         <object_component_ref idref="oc-145"/>
      </symbol>
      <symbol id="sm-a92">
         <name>_system_pre_init</name>
         <value>0x6a9f</value>
         <object_component_ref idref="oc-9e"/>
      </symbol>
      <symbol id="sm-a9e">
         <name>C$$EXIT</name>
         <value>0x6aa3</value>
         <object_component_ref idref="oc-139"/>
      </symbol>
      <symbol id="sm-a9f">
         <name>abort</name>
         <value>0x6aa3</value>
         <object_component_ref idref="oc-139"/>
      </symbol>
      <symbol id="sm-ab4">
         <name>_nop</name>
         <value>0x6483</value>
         <object_component_ref idref="oc-307"/>
      </symbol>
      <symbol id="sm-ab5">
         <name>_lock</name>
         <value>0x20008470</value>
         <object_component_ref idref="oc-265"/>
      </symbol>
      <symbol id="sm-ab6">
         <name>_unlock</name>
         <value>0x20008474</value>
         <object_component_ref idref="oc-265"/>
      </symbol>
      <symbol id="sm-acf">
         <name>HOSTtime</name>
         <value>0x686d</value>
         <object_component_ref idref="oc-2cf"/>
      </symbol>
      <symbol id="sm-af3">
         <name>__TI_readmsg</name>
         <value>0x6979</value>
         <object_component_ref idref="oc-352"/>
      </symbol>
      <symbol id="sm-af4">
         <name>C$$IO$$</name>
         <value>0x696f</value>
         <object_component_ref idref="oc-34c"/>
      </symbol>
      <symbol id="sm-af5">
         <name>__CIOBUF_</name>
         <value>0x20008000</value>
         <object_component_ref idref="oc-389"/>
      </symbol>
      <symbol id="sm-af6">
         <name>__TI_writemsg</name>
         <value>0x6941</value>
         <object_component_ref idref="oc-34c"/>
      </symbol>
      <symbol id="sm-afc">
         <name>parmbuf</name>
         <value>0x200083cc</value>
      </symbol>
      <symbol id="sm-afe">
         <name>__TI_static_base__</name>
         <value>0x0</value>
      </symbol>
      <symbol id="sm-b01">
         <name>__mpu_init</name>
         <value>0x0</value>
      </symbol>
      <symbol id="sm-b02">
         <name>_system_post_cinit</name>
         <value>0x0</value>
      </symbol>
      <symbol id="sm-b03">
         <name>NMI_Handler</name>
         <value>0x6a91</value>
      </symbol>
      <symbol id="sm-b04">
         <name>HardFault_Handler</name>
         <value>0x6a91</value>
      </symbol>
      <symbol id="sm-b05">
         <name>MemManage_Handler</name>
         <value>0x6a91</value>
      </symbol>
      <symbol id="sm-b06">
         <name>BusFault_Handler</name>
         <value>0x6a91</value>
      </symbol>
      <symbol id="sm-b07">
         <name>UsageFault_Handler</name>
         <value>0x6a91</value>
      </symbol>
      <symbol id="sm-b08">
         <name>SVC_Handler</name>
         <value>0x6a91</value>
      </symbol>
      <symbol id="sm-b09">
         <name>DebugMon_Handler</name>
         <value>0x6a91</value>
      </symbol>
      <symbol id="sm-b0a">
         <name>PendSV_Handler</name>
         <value>0x6a91</value>
      </symbol>
      <symbol id="sm-b0b">
         <name>SysTick_Handler</name>
         <value>0x6a91</value>
      </symbol>
      <symbol id="sm-b0c">
         <name>PSS_IRQHandler</name>
         <value>0x6a91</value>
      </symbol>
      <symbol id="sm-b0d">
         <name>CS_IRQHandler</name>
         <value>0x6a91</value>
      </symbol>
      <symbol id="sm-b0e">
         <name>PCM_IRQHandler</name>
         <value>0x6a91</value>
      </symbol>
      <symbol id="sm-b0f">
         <name>WDT_A_IRQHandler</name>
         <value>0x6a91</value>
      </symbol>
      <symbol id="sm-b10">
         <name>FPU_IRQHandler</name>
         <value>0x6a91</value>
      </symbol>
      <symbol id="sm-b11">
         <name>FLCTL_IRQHandler</name>
         <value>0x6a91</value>
      </symbol>
      <symbol id="sm-b12">
         <name>COMP_E0_IRQHandler</name>
         <value>0x6a91</value>
      </symbol>
      <symbol id="sm-b13">
         <name>COMP_E1_IRQHandler</name>
         <value>0x6a91</value>
      </symbol>
      <symbol id="sm-b14">
         <name>TA0_0_IRQHandler</name>
         <value>0x6a91</value>
      </symbol>
      <symbol id="sm-b15">
         <name>TA0_N_IRQHandler</name>
         <value>0x6a91</value>
      </symbol>
      <symbol id="sm-b16">
         <name>TA1_0_IRQHandler</name>
         <value>0x6a91</value>
      </symbol>
      <symbol id="sm-b17">
         <name>TA1_N_IRQHandler</name>
         <value>0x6a91</value>
      </symbol>
      <symbol id="sm-b18">
         <name>TA2_0_IRQHandler</name>
         <value>0x6a91</value>
      </symbol>
      <symbol id="sm-b19">
         <name>TA2_N_IRQHandler</name>
         <value>0x6a91</value>
      </symbol>
      <symbol id="sm-b1a">
         <name>TA3_0_IRQHandler</name>
         <value>0x6a91</value>
      </symbol>
      <symbol id="sm-b1b">
         <name>TA3_N_IRQHandler</name>
         <value>0x6a91</value>
      </symbol>
      <symbol id="sm-b1c">
         <name>EUSCIA0_IRQHandler</name>
         <value>0x6a91</value>
      </symbol>
      <symbol id="sm-b1d">
         <name>EUSCIA1_IRQHandler</name>
         <value>0x6a91</value>
      </symbol>
      <symbol id="sm-b1e">
         <name>EUSCIA2_IRQHandler</name>
         <value>0x6a91</value>
      </symbol>
      <symbol id="sm-b1f">
         <name>EUSCIA3_IRQHandler</name>
         <value>0x6a91</value>
      </symbol>
      <symbol id="sm-b20">
         <name>EUSCIB0_IRQHandler</name>
         <value>0x6a91</value>
      </symbol>
      <symbol id="sm-b21">
         <name>EUSCIB1_IRQHandler</name>
         <value>0x6a91</value>
      </symbol>
      <symbol id="sm-b22">
         <name>EUSCIB2_IRQHandler</name>
         <value>0x6a91</value>
      </symbol>
      <symbol id="sm-b23">
         <name>EUSCIB3_IRQHandler</name>
         <value>0x6a91</value>
      </symbol>
      <symbol id="sm-b24">
         <name>ADC14_IRQHandler</name>
         <value>0x6063</value>
      </symbol>
      <symbol id="sm-b25">
         <name>T32_INT1_IRQHandler</name>
         <value>0x6a91</value>
      </symbol>
      <symbol id="sm-b26">
         <name>T32_INT2_IRQHandler</name>
         <value>0x6a91</value>
      </symbol>
      <symbol id="sm-b27">
         <name>T32_INTC_IRQHandler</name>
         <value>0x6a91</value>
      </symbol>
      <symbol id="sm-b28">
         <name>AES256_IRQHandler</name>
         <value>0x6a91</value>
      </symbol>
      <symbol id="sm-b29">
         <name>RTC_C_IRQHandler</name>
         <value>0x6a91</value>
      </symbol>
      <symbol id="sm-b2a">
         <name>DMA_ERR_IRQHandler</name>
         <value>0x6a91</value>
      </symbol>
      <symbol id="sm-b2b">
         <name>DMA_INT3_IRQHandler</name>
         <value>0x6a91</value>
      </symbol>
      <symbol id="sm-b2c">
         <name>DMA_INT2_IRQHandler</name>
         <value>0x6a91</value>
      </symbol>
      <symbol id="sm-b2d">
         <name>DMA_INT1_IRQHandler</name>
         <value>0x6a91</value>
      </symbol>
      <symbol id="sm-b2e">
         <name>DMA_INT0_IRQHandler</name>
         <value>0x6a91</value>
      </symbol>
      <symbol id="sm-b2f">
         <name>PORT1_IRQHandler</name>
         <value>0x6a91</value>
      </symbol>
      <symbol id="sm-b30">
         <name>PORT2_IRQHandler</name>
         <value>0x6a91</value>
      </symbol>
      <symbol id="sm-b31">
         <name>PORT3_IRQHandler</name>
         <value>0x6a91</value>
      </symbol>
      <symbol id="sm-b32">
         <name>PORT4_IRQHandler</name>
         <value>0x6a91</value>
      </symbol>
      <symbol id="sm-b33">
         <name>PORT5_IRQHandler</name>
         <value>0x6a91</value>
      </symbol>
      <symbol id="sm-b34">
         <name>PORT6_IRQHandler</name>
         <value>0x6a91</value>
      </symbol>
   </symbol_table>
   <title>Link successful</title>
</link_info>
