<?xml version="1.0" encoding="ISO-8859-1" ?>
<link_info>
   <banner>TI ARM Linker Unix v20.2.1.LTS</banner>
   <copyright>Copyright (c) 1996-2018 Texas Instruments Incorporated</copyright>
   <link_time>0x5fce3b7e</link_time>
   <link_errors>0x0</link_errors>
   <output_file>Project-F20.out</output_file>
   <entry_point>
      <name>_c_int00_noargs</name>
      <address>0x5935</address>
   </entry_point>
   <input_file_list>
      <input_file id="fl-2">
         <path>./</path>
         <kind>object</kind>
         <file>lcd.obj</file>
         <name>lcd.obj</name>
      </input_file>
      <input_file id="fl-3">
         <path>./</path>
         <kind>object</kind>
         <file>main.obj</file>
         <name>main.obj</name>
      </input_file>
      <input_file id="fl-4">
         <path>./</path>
         <kind>object</kind>
         <file>minesweeper_images.obj</file>
         <name>minesweeper_images.obj</name>
      </input_file>
      <input_file id="fl-5">
         <path>./</path>
         <kind>object</kind>
         <file>startup_msp432p401r_ccs.obj</file>
         <name>startup_msp432p401r_ccs.obj</name>
      </input_file>
      <input_file id="fl-6">
         <path>./</path>
         <kind>object</kind>
         <file>system_msp432p401r.obj</file>
         <name>system_msp432p401r.obj</name>
      </input_file>
      <input_file id="fl-7">
         <path>./</path>
         <kind>object</kind>
         <file>task_board.obj</file>
         <name>task_board.obj</name>
      </input_file>
      <input_file id="fl-8">
         <path>./</path>
         <kind>object</kind>
         <file>task_joystick.obj</file>
         <name>task_joystick.obj</name>
      </input_file>
      <input_file id="fl-9">
         <path>./</path>
         <kind>object</kind>
         <file>task_mkII_s1.obj</file>
         <name>task_mkII_s1.obj</name>
      </input_file>
      <input_file id="fl-a">
         <path>./</path>
         <kind>object</kind>
         <file>task_mkII_s2.obj</file>
         <name>task_mkII_s2.obj</name>
      </input_file>
      <input_file id="fl-b">
         <path>./</path>
         <kind>object</kind>
         <file>task_mouse.obj</file>
         <name>task_mouse.obj</name>
      </input_file>
      <input_file id="fl-c">
         <path>./FreeRTOS/</path>
         <kind>object</kind>
         <file>croutine.obj</file>
         <name>croutine.obj</name>
      </input_file>
      <input_file id="fl-d">
         <path>./FreeRTOS/</path>
         <kind>object</kind>
         <file>event_groups.obj</file>
         <name>event_groups.obj</name>
      </input_file>
      <input_file id="fl-e">
         <path>./FreeRTOS/</path>
         <kind>object</kind>
         <file>heap_4.obj</file>
         <name>heap_4.obj</name>
      </input_file>
      <input_file id="fl-f">
         <path>./FreeRTOS/</path>
         <kind>object</kind>
         <file>list.obj</file>
         <name>list.obj</name>
      </input_file>
      <input_file id="fl-10">
         <path>./FreeRTOS/</path>
         <kind>object</kind>
         <file>queue.obj</file>
         <name>queue.obj</name>
      </input_file>
      <input_file id="fl-11">
         <path>./FreeRTOS/</path>
         <kind>object</kind>
         <file>stream_buffer.obj</file>
         <name>stream_buffer.obj</name>
      </input_file>
      <input_file id="fl-12">
         <path>./FreeRTOS/</path>
         <kind>object</kind>
         <file>tasks.obj</file>
         <name>tasks.obj</name>
      </input_file>
      <input_file id="fl-13">
         <path>./FreeRTOS/</path>
         <kind>object</kind>
         <file>timers.obj</file>
         <name>timers.obj</name>
      </input_file>
      <input_file id="fl-14">
         <path>./FreeRTOS/portable/</path>
         <kind>object</kind>
         <file>port.obj</file>
         <name>port.obj</name>
      </input_file>
      <input_file id="fl-15">
         <path>./FreeRTOS/portable/</path>
         <kind>object</kind>
         <file>portasm.obj</file>
         <name>portasm.obj</name>
      </input_file>
      <input_file id="fl-19">
         <kind>object</kind>
         <file>&lt;internal&gt;</file>
         <name>&lt;internal&gt;</name>
      </input_file>
      <input_file id="fl-cf">
         <path>/Applications/ti/ccs1010/ccs/tools/compiler/ti-cgt-arm_20.2.1.LTS/lib/</path>
         <kind>archive</kind>
         <file>rtsv7M4_T_le_v4SPD16_eabi.lib</file>
         <name>memset_t2.asm.obj</name>
      </input_file>
      <input_file id="fl-d0">
         <path>/Applications/ti/ccs1010/ccs/tools/compiler/ti-cgt-arm_20.2.1.LTS/lib/</path>
         <kind>archive</kind>
         <file>rtsv7M4_T_le_v4SPD16_eabi.lib</file>
         <name>memcpy_t2.asm.obj</name>
      </input_file>
      <input_file id="fl-d1">
         <path>/Applications/ti/ccs1010/ccs/tools/compiler/ti-cgt-arm_20.2.1.LTS/lib/</path>
         <kind>archive</kind>
         <file>rtsv7M4_T_le_v4SPD16_eabi.lib</file>
         <name>copy_zero_init.c.obj</name>
      </input_file>
      <input_file id="fl-d2">
         <path>/Applications/ti/ccs1010/ccs/tools/compiler/ti-cgt-arm_20.2.1.LTS/lib/</path>
         <kind>archive</kind>
         <file>rtsv7M4_T_le_v4SPD16_eabi.lib</file>
         <name>copy_decompress_none.c.obj</name>
      </input_file>
      <input_file id="fl-d3">
         <path>/Applications/ti/ccs1010/ccs/tools/compiler/ti-cgt-arm_20.2.1.LTS/lib/</path>
         <kind>archive</kind>
         <file>rtsv7M4_T_le_v4SPD16_eabi.lib</file>
         <name>copy_decompress_lzss.c.obj</name>
      </input_file>
      <input_file id="fl-d4">
         <path>/Applications/ti/ccs1010/ccs/tools/compiler/ti-cgt-arm_20.2.1.LTS/lib/</path>
         <kind>archive</kind>
         <file>rtsv7M4_T_le_v4SPD16_eabi.lib</file>
         <name>rand.c.obj</name>
      </input_file>
      <input_file id="fl-d5">
         <path>/Applications/ti/ccs1010/ccs/tools/compiler/ti-cgt-arm_20.2.1.LTS/lib/</path>
         <kind>archive</kind>
         <file>rtsv7M4_T_le_v4SPD16_eabi.lib</file>
         <name>boot_cortex_m.c.obj</name>
      </input_file>
      <input_file id="fl-d6">
         <path>/Applications/ti/ccs1010/ccs/tools/compiler/ti-cgt-arm_20.2.1.LTS/lib/</path>
         <kind>archive</kind>
         <file>rtsv7M4_T_le_v4SPD16_eabi.lib</file>
         <name>autoinit.c.obj</name>
      </input_file>
      <input_file id="fl-d7">
         <path>/Applications/ti/ccs1010/ccs/tools/compiler/ti-cgt-arm_20.2.1.LTS/lib/</path>
         <kind>archive</kind>
         <file>rtsv7M4_T_le_v4SPD16_eabi.lib</file>
         <name>pre_init.c.obj</name>
      </input_file>
      <input_file id="fl-d8">
         <path>/Applications/ti/ccs1010/ccs/tools/compiler/ti-cgt-arm_20.2.1.LTS/lib/</path>
         <kind>archive</kind>
         <file>rtsv7M4_T_le_v4SPD16_eabi.lib</file>
         <name>cpy_tbl.c.obj</name>
      </input_file>
      <input_file id="fl-d9">
         <path>/Applications/ti/ccs1010/ccs/tools/compiler/ti-cgt-arm_20.2.1.LTS/lib/</path>
         <kind>archive</kind>
         <file>rtsv7M4_T_le_v4SPD16_eabi.lib</file>
         <name>exit.c.obj</name>
      </input_file>
      <input_file id="fl-da">
         <path>/Applications/ti/ccs1010/ccs/tools/compiler/ti-cgt-arm_20.2.1.LTS/lib/</path>
         <kind>archive</kind>
         <file>rtsv7M4_T_le_v4SPD16_eabi.lib</file>
         <name>_lock.c.obj</name>
      </input_file>
      <input_file id="fl-db">
         <path>/Applications/ti/ccs1010/ccs/tools/compiler/ti-cgt-arm_20.2.1.LTS/lib/</path>
         <kind>archive</kind>
         <file>rtsv7M4_T_le_v4SPD16_eabi.lib</file>
         <name>args_main.c.obj</name>
      </input_file>
   </input_file_list>
   <object_component_list>
      <object_component id="oc-26">
         <name>.intvecs:retain</name>
         <load_address>0x0</load_address>
         <run_address>0x0</run_address>
         <size>0xe4</size>
         <input_file_ref idref="fl-5"/>
      </object_component>
      <object_component id="oc-c3">
         <name>.text</name>
         <load_address>0xe4</load_address>
         <run_address>0xe4</run_address>
         <size>0x20c4</size>
         <input_file_ref idref="fl-12"/>
      </object_component>
      <object_component id="oc-de">
         <name>.text</name>
         <load_address>0x21a8</load_address>
         <run_address>0x21a8</run_address>
         <size>0x10f0</size>
         <input_file_ref idref="fl-10"/>
      </object_component>
      <object_component id="oc-19d">
         <name>.text</name>
         <load_address>0x3298</load_address>
         <run_address>0x3298</run_address>
         <size>0x7a4</size>
         <input_file_ref idref="fl-13"/>
      </object_component>
      <object_component id="oc-1ed">
         <name>.text</name>
         <load_address>0x3a3c</load_address>
         <run_address>0x3a3c</run_address>
         <size>0x51c</size>
         <input_file_ref idref="fl-2"/>
      </object_component>
      <object_component id="oc-72">
         <name>.text</name>
         <load_address>0x3f58</load_address>
         <run_address>0x3f58</run_address>
         <size>0x438</size>
         <input_file_ref idref="fl-14"/>
      </object_component>
      <object_component id="oc-185">
         <name>.text</name>
         <load_address>0x4390</load_address>
         <run_address>0x4390</run_address>
         <size>0x42c</size>
         <input_file_ref idref="fl-e"/>
      </object_component>
      <object_component id="oc-10f">
         <name>.text</name>
         <load_address>0x47bc</load_address>
         <run_address>0x47bc</run_address>
         <size>0x3b0</size>
         <input_file_ref idref="fl-7"/>
      </object_component>
      <object_component id="oc-b6">
         <name>.text</name>
         <load_address>0x4b6c</load_address>
         <run_address>0x4b6c</run_address>
         <size>0x354</size>
         <input_file_ref idref="fl-6"/>
      </object_component>
      <object_component id="oc-78">
         <name>.text</name>
         <load_address>0x4ec0</load_address>
         <run_address>0x4ec0</run_address>
         <size>0x278</size>
         <input_file_ref idref="fl-8"/>
      </object_component>
      <object_component id="oc-115">
         <name>.text</name>
         <load_address>0x5138</load_address>
         <run_address>0x5138</run_address>
         <size>0x1bc</size>
         <input_file_ref idref="fl-b"/>
      </object_component>
      <object_component id="oc-a4">
         <name>.text</name>
         <load_address>0x52f4</load_address>
         <run_address>0x52f4</run_address>
         <size>0x154</size>
         <input_file_ref idref="fl-3"/>
      </object_component>
      <object_component id="oc-18b">
         <name>.text</name>
         <load_address>0x5448</load_address>
         <run_address>0x5448</run_address>
         <size>0x12a</size>
         <input_file_ref idref="fl-f"/>
      </object_component>
      <object_component id="oc-29e">
         <name>.text:_nop</name>
         <load_address>0x5572</load_address>
         <run_address>0x5572</run_address>
         <size>0x2</size>
         <input_file_ref idref="fl-da"/>
      </object_component>
      <object_component id="oc-6d">
         <name>.text</name>
         <load_address>0x5574</load_address>
         <run_address>0x5574</run_address>
         <size>0xda</size>
         <input_file_ref idref="fl-15"/>
      </object_component>
      <object_component id="oc-37">
         <name>.text</name>
         <load_address>0x564e</load_address>
         <run_address>0x564e</run_address>
         <size>0x9c</size>
         <input_file_ref idref="fl-d0"/>
      </object_component>
      <object_component id="oc-121">
         <name>.text</name>
         <load_address>0x56ec</load_address>
         <run_address>0x56ec</run_address>
         <size>0x90</size>
         <input_file_ref idref="fl-9"/>
      </object_component>
      <object_component id="oc-11b">
         <name>.text</name>
         <load_address>0x577c</load_address>
         <run_address>0x577c</run_address>
         <size>0x90</size>
         <input_file_ref idref="fl-a"/>
      </object_component>
      <object_component id="oc-98">
         <name>.text</name>
         <load_address>0x580c</load_address>
         <run_address>0x580c</run_address>
         <size>0x7a</size>
         <input_file_ref idref="fl-cf"/>
      </object_component>
      <object_component id="oc-17">
         <name>.text:decompress:lzss:__TI_decompress_lzss</name>
         <load_address>0x5886</load_address>
         <run_address>0x5886</run_address>
         <size>0x68</size>
         <input_file_ref idref="fl-d3"/>
      </object_component>
      <object_component id="oc-145">
         <name>.text:__TI_auto_init_nobinit_nopinit:__TI_auto_init_nobinit_nopinit</name>
         <load_address>0x58f0</load_address>
         <run_address>0x58f0</run_address>
         <size>0x44</size>
         <input_file_ref idref="fl-d6"/>
      </object_component>
      <object_component id="oc-55">
         <name>.text:_c_int00_noargs:_c_int00_noargs</name>
         <load_address>0x5934</load_address>
         <run_address>0x5934</run_address>
         <size>0x34</size>
         <input_file_ref idref="fl-d5"/>
      </object_component>
      <object_component id="oc-1f3">
         <name>.text:rand</name>
         <load_address>0x5968</load_address>
         <run_address>0x5968</run_address>
         <size>0x34</size>
         <input_file_ref idref="fl-d4"/>
      </object_component>
      <object_component id="oc-1d">
         <name>.text:decompress:none:__TI_decompress_none</name>
         <load_address>0x599c</load_address>
         <run_address>0x599c</run_address>
         <size>0xe</size>
         <input_file_ref idref="fl-d2"/>
      </object_component>
      <object_component id="oc-67">
         <name>.text</name>
         <load_address>0x59aa</load_address>
         <run_address>0x59aa</run_address>
         <size>0xe</size>
         <input_file_ref idref="fl-5"/>
      </object_component>
      <object_component id="oc-49">
         <name>.text:decompress:ZI:__TI_zero_init</name>
         <load_address>0x59b8</load_address>
         <run_address>0x59b8</run_address>
         <size>0xc</size>
         <input_file_ref idref="fl-d1"/>
      </object_component>
      <object_component id="oc-9e">
         <name>.text:_system_pre_init</name>
         <load_address>0x59c4</load_address>
         <run_address>0x59c4</run_address>
         <size>0x4</size>
         <input_file_ref idref="fl-d7"/>
      </object_component>
      <object_component id="oc-139">
         <name>.text:abort:abort</name>
         <load_address>0x59c8</load_address>
         <run_address>0x59c8</run_address>
         <size>0x4</size>
         <input_file_ref idref="fl-d9"/>
      </object_component>
      <object_component id="oc-1fb">
         <name>.const:.string:Bitmap_Mouse</name>
         <load_address>0x59cc</load_address>
         <run_address>0x59cc</run_address>
         <size>0x14</size>
         <input_file_ref idref="fl-4"/>
      </object_component>
      <object_component id="oc-c0">
         <name>.const</name>
         <load_address>0x59e0</load_address>
         <run_address>0x59e0</run_address>
         <size>0x8</size>
         <input_file_ref idref="fl-14"/>
      </object_component>
      <object_component id="oc-332">
         <name>.cinit..data.load</name>
         <load_address>0x59e8</load_address>
         <run_address>0x59e8</run_address>
         <size>0x24</size>
      </object_component>
      <object_component id="oc-330">
         <name>__TI_handler_table</name>
         <load_address>0x5a0c</load_address>
         <run_address>0x5a0c</run_address>
         <size>0xc</size>
      </object_component>
      <object_component id="oc-333">
         <name>.cinit..bss.load</name>
         <load_address>0x5a18</load_address>
         <run_address>0x5a18</run_address>
         <size>0x8</size>
      </object_component>
      <object_component id="oc-331">
         <name>__TI_cinit_table</name>
         <load_address>0x5a20</load_address>
         <run_address>0x5a20</run_address>
         <size>0x10</size>
      </object_component>
      <object_component id="oc-304">
         <name>.binit</name>
         <load_address>0x0</load_address>
         <run_address>0x0</run_address>
         <size>0x0</size>
      </object_component>
      <object_component id="oc-177">
         <name>.data</name>
         <load_address>0x20008334</load_address>
         <run_address>0x20008334</run_address>
         <size>0x4</size>
         <input_file_ref idref="fl-6"/>
      </object_component>
      <object_component id="oc-e4">
         <name>.data</name>
         <load_address>0x20008318</load_address>
         <run_address>0x20008318</run_address>
         <size>0x8</size>
         <input_file_ref idref="fl-8"/>
      </object_component>
      <object_component id="oc-12b">
         <name>.data</name>
         <load_address>0x20008320</load_address>
         <run_address>0x20008320</run_address>
         <size>0x5</size>
         <input_file_ref idref="fl-9"/>
      </object_component>
      <object_component id="oc-12e">
         <name>.data</name>
         <load_address>0x20008328</load_address>
         <run_address>0x20008328</run_address>
         <size>0x5</size>
         <input_file_ref idref="fl-a"/>
      </object_component>
      <object_component id="oc-20b">
         <name>.data</name>
         <load_address>0x20008338</load_address>
         <run_address>0x20008338</run_address>
         <size>0x4</size>
         <input_file_ref idref="fl-b"/>
      </object_component>
      <object_component id="oc-24e">
         <name>.data</name>
         <load_address>0x200082d4</load_address>
         <run_address>0x200082d4</run_address>
         <size>0x18</size>
         <input_file_ref idref="fl-e"/>
      </object_component>
      <object_component id="oc-bd">
         <name>.data</name>
         <load_address>0x200082a0</load_address>
         <run_address>0x200082a0</run_address>
         <size>0x34</size>
         <input_file_ref idref="fl-12"/>
      </object_component>
      <object_component id="oc-263">
         <name>.data</name>
         <load_address>0x20008304</load_address>
         <run_address>0x20008304</run_address>
         <size>0xc</size>
         <input_file_ref idref="fl-13"/>
      </object_component>
      <object_component id="oc-ca">
         <name>.data</name>
         <load_address>0x200082ec</load_address>
         <run_address>0x200082ec</run_address>
         <size>0x18</size>
         <input_file_ref idref="fl-14"/>
      </object_component>
      <object_component id="oc-28f">
         <name>.data</name>
         <load_address>0x20008330</load_address>
         <run_address>0x20008330</run_address>
         <size>0x4</size>
         <input_file_ref idref="fl-d4"/>
      </object_component>
      <object_component id="oc-21f">
         <name>.data:$O1$$</name>
         <load_address>0x20008310</load_address>
         <run_address>0x20008310</run_address>
         <size>0x8</size>
         <input_file_ref idref="fl-da"/>
      </object_component>
      <object_component id="oc-254">
         <name>.bss:ucHeap</name>
         <uninitialized>true</uninitialized>
         <run_address>0x20000000</run_address>
         <size>0x8000</size>
         <input_file_ref idref="fl-e"/>
      </object_component>
      <object_component id="oc-251">
         <name>.bss:xStart</name>
         <uninitialized>true</uninitialized>
         <run_address>0x2000827c</run_address>
         <size>0x8</size>
         <input_file_ref idref="fl-e"/>
      </object_component>
      <object_component id="oc-191">
         <name>.bss:pxReadyTasksLists</name>
         <uninitialized>true</uninitialized>
         <run_address>0x20008000</run_address>
         <size>0xc8</size>
         <input_file_ref idref="fl-12"/>
      </object_component>
      <object_component id="oc-1a6">
         <name>.bss:xDelayedTaskList1</name>
         <uninitialized>true</uninitialized>
         <run_address>0x20008208</run_address>
         <size>0x14</size>
         <input_file_ref idref="fl-12"/>
      </object_component>
      <object_component id="oc-1a9">
         <name>.bss:xDelayedTaskList2</name>
         <uninitialized>true</uninitialized>
         <run_address>0x2000821c</run_address>
         <size>0x14</size>
         <input_file_ref idref="fl-12"/>
      </object_component>
      <object_component id="oc-197">
         <name>.bss</name>
         <uninitialized>true</uninitialized>
         <run_address>0x2000826c</run_address>
         <size>0x8</size>
         <input_file_ref idref="fl-12"/>
      </object_component>
      <object_component id="oc-1a3">
         <name>.bss:xPendingReadyList</name>
         <uninitialized>true</uninitialized>
         <run_address>0x20008230</run_address>
         <size>0x14</size>
         <input_file_ref idref="fl-12"/>
      </object_component>
      <object_component id="oc-194">
         <name>.bss:xTasksWaitingTermination</name>
         <uninitialized>true</uninitialized>
         <run_address>0x20008258</run_address>
         <size>0x14</size>
         <input_file_ref idref="fl-12"/>
      </object_component>
      <object_component id="oc-19a">
         <name>.bss:xSuspendedTaskList</name>
         <uninitialized>true</uninitialized>
         <run_address>0x20008244</run_address>
         <size>0x14</size>
         <input_file_ref idref="fl-12"/>
      </object_component>
      <object_component id="oc-269">
         <name>.bss:xActiveTimerList1</name>
         <uninitialized>true</uninitialized>
         <run_address>0x200081e0</run_address>
         <size>0x14</size>
         <input_file_ref idref="fl-13"/>
      </object_component>
      <object_component id="oc-26c">
         <name>.bss:xActiveTimerList2</name>
         <uninitialized>true</uninitialized>
         <run_address>0x200081f4</run_address>
         <size>0x14</size>
         <input_file_ref idref="fl-13"/>
      </object_component>
      <object_component id="oc-266">
         <name>.bss</name>
         <uninitialized>true</uninitialized>
         <run_address>0x20008274</run_address>
         <size>0x8</size>
         <input_file_ref idref="fl-13"/>
      </object_component>
      <object_component id="oc-28c">
         <name>.common:Lcd_ScreenWidth</name>
         <uninitialized>true</uninitialized>
         <run_address>0x2000829e</run_address>
         <size>0x2</size>
      </object_component>
      <object_component id="oc-28d">
         <name>.common:Lcd_ScreenHeigth</name>
         <uninitialized>true</uninitialized>
         <run_address>0x2000829c</run_address>
         <size>0x2</size>
      </object_component>
      <object_component id="oc-127">
         <name>.common:Task_Board_Handle</name>
         <uninitialized>true</uninitialized>
         <run_address>0x2000828c</run_address>
         <size>0x4</size>
      </object_component>
      <object_component id="oc-1f9">
         <name>.common:Queue_Board</name>
         <uninitialized>true</uninitialized>
         <run_address>0x20008284</run_address>
         <size>0x4</size>
      </object_component>
      <object_component id="oc-1fe">
         <name>.common:realBoard</name>
         <uninitialized>true</uninitialized>
         <run_address>0x2000812c</run_address>
         <size>0x64</size>
      </object_component>
      <object_component id="oc-1ff">
         <name>.common:mines</name>
         <uninitialized>true</uninitialized>
         <run_address>0x20008190</run_address>
         <size>0x50</size>
      </object_component>
      <object_component id="oc-1fa">
         <name>.common:myBoard</name>
         <uninitialized>true</uninitialized>
         <run_address>0x200080c8</run_address>
         <size>0x64</size>
      </object_component>
      <object_component id="oc-ea">
         <name>.common:Task_Joystick_Handle</name>
         <uninitialized>true</uninitialized>
         <run_address>0x20008290</run_address>
         <size>0x4</size>
      </object_component>
      <object_component id="oc-131">
         <name>.common:Task_Joystick_Timer_Handle</name>
         <uninitialized>true</uninitialized>
         <run_address>0x20008294</run_address>
         <size>0x4</size>
      </object_component>
      <object_component id="oc-12a">
         <name>.common:Task_Mouse_Handle</name>
         <uninitialized>true</uninitialized>
         <run_address>0x20008298</run_address>
         <size>0x4</size>
      </object_component>
      <object_component id="oc-e7">
         <name>.common:Queue_Mouse</name>
         <uninitialized>true</uninitialized>
         <run_address>0x20008288</run_address>
         <size>0x4</size>
      </object_component>
      <object_component id="oc-29">
         <name>.stack</name>
         <uninitialized>true</uninitialized>
         <run_address>0x2000fe00</run_address>
         <size>0x4</size>
         <input_file_ref idref="fl-d5"/>
      </object_component>
      <object_component id="oc-335">
         <name>.stack</name>
         <uninitialized>true</uninitialized>
         <run_address>0x2000fe00</run_address>
         <size>0x0</size>
      </object_component>
      <object_component id="oc-1eb">
         <name>.debug_info</name>
         <load_address>0x0</load_address>
         <run_address>0x0</run_address>
         <size>0x5a8</size>
         <input_file_ref idref="fl-2"/>
      </object_component>
      <object_component id="oc-1ee">
         <name>.debug_info</name>
         <load_address>0x5a8</load_address>
         <run_address>0x5a8</run_address>
         <size>0xc09</size>
         <input_file_ref idref="fl-2"/>
      </object_component>
      <object_component id="oc-f3">
         <name>.debug_info</name>
         <load_address>0x11b1</load_address>
         <run_address>0x11b1</run_address>
         <size>0x37e2</size>
         <input_file_ref idref="fl-2"/>
      </object_component>
      <object_component id="oc-fa">
         <name>.debug_info</name>
         <load_address>0x4993</load_address>
         <run_address>0x4993</run_address>
         <size>0x26b</size>
         <input_file_ref idref="fl-2"/>
      </object_component>
      <object_component id="oc-1d5">
         <name>.debug_info</name>
         <load_address>0x4bfe</load_address>
         <run_address>0x4bfe</run_address>
         <size>0x1055</size>
         <input_file_ref idref="fl-2"/>
      </object_component>
      <object_component id="oc-32">
         <name>.debug_info</name>
         <load_address>0x5c53</load_address>
         <run_address>0x5c53</run_address>
         <size>0x84</size>
         <input_file_ref idref="fl-2"/>
      </object_component>
      <object_component id="oc-1c0">
         <name>.debug_info</name>
         <load_address>0x5cd7</load_address>
         <run_address>0x5cd7</run_address>
         <size>0x2a4</size>
         <input_file_ref idref="fl-2"/>
      </object_component>
      <object_component id="oc-d9">
         <name>.debug_info</name>
         <load_address>0x5f7b</load_address>
         <run_address>0x5f7b</run_address>
         <size>0xbb</size>
         <input_file_ref idref="fl-2"/>
      </object_component>
      <object_component id="oc-138">
         <name>.debug_info</name>
         <load_address>0x6036</load_address>
         <run_address>0x6036</run_address>
         <size>0xa27</size>
         <input_file_ref idref="fl-3"/>
      </object_component>
      <object_component id="oc-a5">
         <name>.debug_info</name>
         <load_address>0x6a5d</load_address>
         <run_address>0x6a5d</run_address>
         <size>0x325</size>
         <input_file_ref idref="fl-3"/>
      </object_component>
      <object_component id="oc-206">
         <name>.debug_info</name>
         <load_address>0x6d82</load_address>
         <run_address>0x6d82</run_address>
         <size>0x7c</size>
         <input_file_ref idref="fl-3"/>
      </object_component>
      <object_component id="oc-ee">
         <name>.debug_info</name>
         <load_address>0x6dfe</load_address>
         <run_address>0x6dfe</run_address>
         <size>0xab</size>
         <input_file_ref idref="fl-3"/>
      </object_component>
      <object_component id="oc-133">
         <name>.debug_info</name>
         <load_address>0x6ea9</load_address>
         <run_address>0x6ea9</run_address>
         <size>0x315</size>
         <input_file_ref idref="fl-3"/>
      </object_component>
      <object_component id="oc-1e4">
         <name>.debug_info</name>
         <load_address>0x71be</load_address>
         <run_address>0x71be</run_address>
         <size>0x48b</size>
         <input_file_ref idref="fl-3"/>
      </object_component>
      <object_component id="oc-1da">
         <name>.debug_info</name>
         <load_address>0x7649</load_address>
         <run_address>0x7649</run_address>
         <size>0x4f</size>
         <input_file_ref idref="fl-3"/>
      </object_component>
      <object_component id="oc-cf">
         <name>.debug_info</name>
         <load_address>0x7698</load_address>
         <run_address>0x7698</run_address>
         <size>0x2c</size>
         <input_file_ref idref="fl-3"/>
      </object_component>
      <object_component id="oc-d4">
         <name>.debug_info</name>
         <load_address>0x76c4</load_address>
         <run_address>0x76c4</run_address>
         <size>0x53</size>
         <input_file_ref idref="fl-3"/>
      </object_component>
      <object_component id="oc-1df">
         <name>.debug_info</name>
         <load_address>0x7717</load_address>
         <run_address>0x7717</run_address>
         <size>0xcc</size>
         <input_file_ref idref="fl-3"/>
      </object_component>
      <object_component id="oc-1b6">
         <name>.debug_info</name>
         <load_address>0x77e3</load_address>
         <run_address>0x77e3</run_address>
         <size>0x14c</size>
         <input_file_ref idref="fl-3"/>
      </object_component>
      <object_component id="oc-295">
         <name>.debug_info</name>
         <load_address>0x792f</load_address>
         <run_address>0x792f</run_address>
         <size>0x107</size>
         <input_file_ref idref="fl-4"/>
      </object_component>
      <object_component id="oc-1fc">
         <name>.debug_info</name>
         <load_address>0x7a36</load_address>
         <run_address>0x7a36</run_address>
         <size>0xfd</size>
         <input_file_ref idref="fl-4"/>
      </object_component>
      <object_component id="oc-80">
         <name>.debug_info</name>
         <load_address>0x7b33</load_address>
         <run_address>0x7b33</run_address>
         <size>0x35e</size>
         <input_file_ref idref="fl-5"/>
      </object_component>
      <object_component id="oc-27">
         <name>.debug_info</name>
         <load_address>0x7e91</load_address>
         <run_address>0x7e91</run_address>
         <size>0x10a</size>
         <input_file_ref idref="fl-5"/>
      </object_component>
      <object_component id="oc-68">
         <name>.debug_info</name>
         <load_address>0x7f9b</load_address>
         <run_address>0x7f9b</run_address>
         <size>0x1d1</size>
         <input_file_ref idref="fl-5"/>
      </object_component>
      <object_component id="oc-178">
         <name>.debug_info</name>
         <load_address>0x816c</load_address>
         <run_address>0x816c</run_address>
         <size>0x103</size>
         <input_file_ref idref="fl-6"/>
      </object_component>
      <object_component id="oc-b7">
         <name>.debug_info</name>
         <load_address>0x826f</load_address>
         <run_address>0x826f</run_address>
         <size>0x275</size>
         <input_file_ref idref="fl-6"/>
      </object_component>
      <object_component id="oc-128">
         <name>.debug_info</name>
         <load_address>0x84e4</load_address>
         <run_address>0x84e4</run_address>
         <size>0x993</size>
         <input_file_ref idref="fl-7"/>
      </object_component>
      <object_component id="oc-110">
         <name>.debug_info</name>
         <load_address>0x8e77</load_address>
         <run_address>0x8e77</run_address>
         <size>0x660</size>
         <input_file_ref idref="fl-7"/>
      </object_component>
      <object_component id="oc-201">
         <name>.debug_info</name>
         <load_address>0x94d7</load_address>
         <run_address>0x94d7</run_address>
         <size>0x8b</size>
         <input_file_ref idref="fl-7"/>
      </object_component>
      <object_component id="oc-eb">
         <name>.debug_info</name>
         <load_address>0x9562</load_address>
         <run_address>0x9562</run_address>
         <size>0x862</size>
         <input_file_ref idref="fl-8"/>
      </object_component>
      <object_component id="oc-e5">
         <name>.debug_info</name>
         <load_address>0x9dc4</load_address>
         <run_address>0x9dc4</run_address>
         <size>0x129</size>
         <input_file_ref idref="fl-8"/>
      </object_component>
      <object_component id="oc-7b">
         <name>.debug_info</name>
         <load_address>0x9eed</load_address>
         <run_address>0x9eed</run_address>
         <size>0x689</size>
         <input_file_ref idref="fl-8"/>
      </object_component>
      <object_component id="oc-212">
         <name>.debug_info</name>
         <load_address>0xa576</load_address>
         <run_address>0xa576</run_address>
         <size>0x737</size>
         <input_file_ref idref="fl-9"/>
      </object_component>
      <object_component id="oc-12c">
         <name>.debug_info</name>
         <load_address>0xacad</load_address>
         <run_address>0xacad</run_address>
         <size>0x105</size>
         <input_file_ref idref="fl-9"/>
      </object_component>
      <object_component id="oc-122">
         <name>.debug_info</name>
         <load_address>0xadb2</load_address>
         <run_address>0xadb2</run_address>
         <size>0x2b2</size>
         <input_file_ref idref="fl-9"/>
      </object_component>
      <object_component id="oc-210">
         <name>.debug_info</name>
         <load_address>0xb064</load_address>
         <run_address>0xb064</run_address>
         <size>0x737</size>
         <input_file_ref idref="fl-a"/>
      </object_component>
      <object_component id="oc-12f">
         <name>.debug_info</name>
         <load_address>0xb79b</load_address>
         <run_address>0xb79b</run_address>
         <size>0x105</size>
         <input_file_ref idref="fl-a"/>
      </object_component>
      <object_component id="oc-11c">
         <name>.debug_info</name>
         <load_address>0xb8a0</load_address>
         <run_address>0xb8a0</run_address>
         <size>0x2b2</size>
         <input_file_ref idref="fl-a"/>
      </object_component>
      <object_component id="oc-e8">
         <name>.debug_info</name>
         <load_address>0xbb52</load_address>
         <run_address>0xbb52</run_address>
         <size>0x878</size>
         <input_file_ref idref="fl-b"/>
      </object_component>
      <object_component id="oc-20c">
         <name>.debug_info</name>
         <load_address>0xc3ca</load_address>
         <run_address>0xc3ca</run_address>
         <size>0xe7</size>
         <input_file_ref idref="fl-b"/>
      </object_component>
      <object_component id="oc-116">
         <name>.debug_info</name>
         <load_address>0xc4b1</load_address>
         <run_address>0xc4b1</run_address>
         <size>0x3ea</size>
         <input_file_ref idref="fl-b"/>
      </object_component>
      <object_component id="oc-281">
         <name>.debug_info</name>
         <load_address>0xc89b</load_address>
         <run_address>0xc89b</run_address>
         <size>0x297</size>
         <input_file_ref idref="fl-c"/>
      </object_component>
      <object_component id="oc-1bb">
         <name>.debug_info</name>
         <load_address>0xcb32</load_address>
         <run_address>0xcb32</run_address>
         <size>0x48b</size>
         <input_file_ref idref="fl-c"/>
      </object_component>
      <object_component id="oc-2dd">
         <name>.debug_info</name>
         <load_address>0xcfbd</load_address>
         <run_address>0xcfbd</run_address>
         <size>0xcc</size>
         <input_file_ref idref="fl-c"/>
      </object_component>
      <object_component id="oc-1b1">
         <name>.debug_info</name>
         <load_address>0xd089</load_address>
         <run_address>0xd089</run_address>
         <size>0x53</size>
         <input_file_ref idref="fl-c"/>
      </object_component>
      <object_component id="oc-289">
         <name>.debug_info</name>
         <load_address>0xd0dc</load_address>
         <run_address>0xd0dc</run_address>
         <size>0x6f2</size>
         <input_file_ref idref="fl-d"/>
      </object_component>
      <object_component id="oc-1cc">
         <name>.debug_info</name>
         <load_address>0xd7ce</load_address>
         <run_address>0xd7ce</run_address>
         <size>0x110</size>
         <input_file_ref idref="fl-d"/>
      </object_component>
      <object_component id="oc-249">
         <name>.debug_info</name>
         <load_address>0xd8de</load_address>
         <run_address>0xd8de</run_address>
         <size>0x48b</size>
         <input_file_ref idref="fl-d"/>
      </object_component>
      <object_component id="oc-2e4">
         <name>.debug_info</name>
         <load_address>0xdd69</load_address>
         <run_address>0xdd69</run_address>
         <size>0x76</size>
         <input_file_ref idref="fl-d"/>
      </object_component>
      <object_component id="oc-2e9">
         <name>.debug_info</name>
         <load_address>0xdddf</load_address>
         <run_address>0xdddf</run_address>
         <size>0x39</size>
         <input_file_ref idref="fl-d"/>
      </object_component>
      <object_component id="oc-2ca">
         <name>.debug_info</name>
         <load_address>0xde18</load_address>
         <run_address>0xde18</run_address>
         <size>0x109</size>
         <input_file_ref idref="fl-d"/>
      </object_component>
      <object_component id="oc-23f">
         <name>.debug_info</name>
         <load_address>0xdf21</load_address>
         <run_address>0xdf21</run_address>
         <size>0x4f</size>
         <input_file_ref idref="fl-d"/>
      </object_component>
      <object_component id="oc-258">
         <name>.debug_info</name>
         <load_address>0xdf70</load_address>
         <run_address>0xdf70</run_address>
         <size>0x531</size>
         <input_file_ref idref="fl-e"/>
      </object_component>
      <object_component id="oc-255">
         <name>.debug_info</name>
         <load_address>0xe4a1</load_address>
         <run_address>0xe4a1</run_address>
         <size>0x146</size>
         <input_file_ref idref="fl-e"/>
      </object_component>
      <object_component id="oc-252">
         <name>.debug_info</name>
         <load_address>0xe5e7</load_address>
         <run_address>0xe5e7</run_address>
         <size>0x146</size>
         <input_file_ref idref="fl-e"/>
      </object_component>
      <object_component id="oc-24f">
         <name>.debug_info</name>
         <load_address>0xe72d</load_address>
         <run_address>0xe72d</run_address>
         <size>0x286</size>
         <input_file_ref idref="fl-e"/>
      </object_component>
      <object_component id="oc-186">
         <name>.debug_info</name>
         <load_address>0xe9b3</load_address>
         <run_address>0xe9b3</run_address>
         <size>0xe2b</size>
         <input_file_ref idref="fl-e"/>
      </object_component>
      <object_component id="oc-2c1">
         <name>.debug_info</name>
         <load_address>0xf7de</load_address>
         <run_address>0xf7de</run_address>
         <size>0x62</size>
         <input_file_ref idref="fl-e"/>
      </object_component>
      <object_component id="oc-25a">
         <name>.debug_info</name>
         <load_address>0xf840</load_address>
         <run_address>0xf840</run_address>
         <size>0x3eb</size>
         <input_file_ref idref="fl-f"/>
      </object_component>
      <object_component id="oc-18c">
         <name>.debug_info</name>
         <load_address>0xfc2b</load_address>
         <run_address>0xfc2b</run_address>
         <size>0x7d7</size>
         <input_file_ref idref="fl-f"/>
      </object_component>
      <object_component id="oc-1cb">
         <name>.debug_info</name>
         <load_address>0x10402</load_address>
         <run_address>0x10402</run_address>
         <size>0x956</size>
         <input_file_ref idref="fl-10"/>
      </object_component>
      <object_component id="oc-df">
         <name>.debug_info</name>
         <load_address>0x10d58</load_address>
         <run_address>0x10d58</run_address>
         <size>0x476f</size>
         <input_file_ref idref="fl-10"/>
      </object_component>
      <object_component id="oc-284">
         <name>.debug_info</name>
         <load_address>0x154c7</load_address>
         <run_address>0x154c7</run_address>
         <size>0x1ef</size>
         <input_file_ref idref="fl-10"/>
      </object_component>
      <object_component id="oc-1c6">
         <name>.debug_info</name>
         <load_address>0x156b6</load_address>
         <run_address>0x156b6</run_address>
         <size>0x46</size>
         <input_file_ref idref="fl-10"/>
      </object_component>
      <object_component id="oc-106">
         <name>.debug_info</name>
         <load_address>0x156fc</load_address>
         <run_address>0x156fc</run_address>
         <size>0x2c</size>
         <input_file_ref idref="fl-11"/>
      </object_component>
      <object_component id="oc-17d">
         <name>.debug_info</name>
         <load_address>0x15728</load_address>
         <run_address>0x15728</run_address>
         <size>0x8f6</size>
         <input_file_ref idref="fl-12"/>
      </object_component>
      <object_component id="oc-be">
         <name>.debug_info</name>
         <load_address>0x1601e</load_address>
         <run_address>0x1601e</run_address>
         <size>0x3a2</size>
         <input_file_ref idref="fl-12"/>
      </object_component>
      <object_component id="oc-192">
         <name>.debug_info</name>
         <load_address>0x163c0</load_address>
         <run_address>0x163c0</run_address>
         <size>0x14b</size>
         <input_file_ref idref="fl-12"/>
      </object_component>
      <object_component id="oc-1a7">
         <name>.debug_info</name>
         <load_address>0x1650b</load_address>
         <run_address>0x1650b</run_address>
         <size>0x14b</size>
         <input_file_ref idref="fl-12"/>
      </object_component>
      <object_component id="oc-1aa">
         <name>.debug_info</name>
         <load_address>0x16656</load_address>
         <run_address>0x16656</run_address>
         <size>0x14b</size>
         <input_file_ref idref="fl-12"/>
      </object_component>
      <object_component id="oc-198">
         <name>.debug_info</name>
         <load_address>0x167a1</load_address>
         <run_address>0x167a1</run_address>
         <size>0x18e</size>
         <input_file_ref idref="fl-12"/>
      </object_component>
      <object_component id="oc-1a4">
         <name>.debug_info</name>
         <load_address>0x1692f</load_address>
         <run_address>0x1692f</run_address>
         <size>0x14b</size>
         <input_file_ref idref="fl-12"/>
      </object_component>
      <object_component id="oc-195">
         <name>.debug_info</name>
         <load_address>0x16a7a</load_address>
         <run_address>0x16a7a</run_address>
         <size>0x159</size>
         <input_file_ref idref="fl-12"/>
      </object_component>
      <object_component id="oc-19b">
         <name>.debug_info</name>
         <load_address>0x16bd3</load_address>
         <run_address>0x16bd3</run_address>
         <size>0x14d</size>
         <input_file_ref idref="fl-12"/>
      </object_component>
      <object_component id="oc-c4">
         <name>.debug_info</name>
         <load_address>0x16d20</load_address>
         <run_address>0x16d20</run_address>
         <size>0x7ee8</size>
         <input_file_ref idref="fl-12"/>
      </object_component>
      <object_component id="oc-17e">
         <name>.debug_info</name>
         <load_address>0x1ec08</load_address>
         <run_address>0x1ec08</run_address>
         <size>0x30c</size>
         <input_file_ref idref="fl-12"/>
      </object_component>
      <object_component id="oc-244">
         <name>.debug_info</name>
         <load_address>0x1ef14</load_address>
         <run_address>0x1ef14</run_address>
         <size>0x16e</size>
         <input_file_ref idref="fl-12"/>
      </object_component>
      <object_component id="oc-275">
         <name>.debug_info</name>
         <load_address>0x1f082</load_address>
         <run_address>0x1f082</run_address>
         <size>0x88c</size>
         <input_file_ref idref="fl-13"/>
      </object_component>
      <object_component id="oc-26a">
         <name>.debug_info</name>
         <load_address>0x1f90e</load_address>
         <run_address>0x1f90e</run_address>
         <size>0x14b</size>
         <input_file_ref idref="fl-13"/>
      </object_component>
      <object_component id="oc-26d">
         <name>.debug_info</name>
         <load_address>0x1fa59</load_address>
         <run_address>0x1fa59</run_address>
         <size>0x14b</size>
         <input_file_ref idref="fl-13"/>
      </object_component>
      <object_component id="oc-267">
         <name>.debug_info</name>
         <load_address>0x1fba4</load_address>
         <run_address>0x1fba4</run_address>
         <size>0x183</size>
         <input_file_ref idref="fl-13"/>
      </object_component>
      <object_component id="oc-264">
         <name>.debug_info</name>
         <load_address>0x1fd27</load_address>
         <run_address>0x1fd27</run_address>
         <size>0x16f</size>
         <input_file_ref idref="fl-13"/>
      </object_component>
      <object_component id="oc-19e">
         <name>.debug_info</name>
         <load_address>0x1fe96</load_address>
         <run_address>0x1fe96</run_address>
         <size>0x2c47</size>
         <input_file_ref idref="fl-13"/>
      </object_component>
      <object_component id="oc-276">
         <name>.debug_info</name>
         <load_address>0x22add</load_address>
         <run_address>0x22add</run_address>
         <size>0x1ce</size>
         <input_file_ref idref="fl-13"/>
      </object_component>
      <object_component id="oc-270">
         <name>.debug_info</name>
         <load_address>0x22cab</load_address>
         <run_address>0x22cab</run_address>
         <size>0x46</size>
         <input_file_ref idref="fl-13"/>
      </object_component>
      <object_component id="oc-ce">
         <name>.debug_info</name>
         <load_address>0x22cf1</load_address>
         <run_address>0x22cf1</run_address>
         <size>0x57a</size>
         <input_file_ref idref="fl-14"/>
      </object_component>
      <object_component id="oc-c1">
         <name>.debug_info</name>
         <load_address>0x2326b</load_address>
         <run_address>0x2326b</run_address>
         <size>0x1c0</size>
         <input_file_ref idref="fl-14"/>
      </object_component>
      <object_component id="oc-cb">
         <name>.debug_info</name>
         <load_address>0x2342b</load_address>
         <run_address>0x2342b</run_address>
         <size>0x29b</size>
         <input_file_ref idref="fl-14"/>
      </object_component>
      <object_component id="oc-73">
         <name>.debug_info</name>
         <load_address>0x236c6</load_address>
         <run_address>0x236c6</run_address>
         <size>0x10c8</size>
         <input_file_ref idref="fl-14"/>
      </object_component>
      <object_component id="oc-6e">
         <name>.debug_info</name>
         <load_address>0x2478e</load_address>
         <run_address>0x2478e</run_address>
         <size>0x2ad</size>
         <input_file_ref idref="fl-15"/>
      </object_component>
      <object_component id="oc-99">
         <name>.debug_info</name>
         <load_address>0x24a3b</load_address>
         <run_address>0x24a3b</run_address>
         <size>0x147</size>
         <input_file_ref idref="fl-cf"/>
      </object_component>
      <object_component id="oc-38">
         <name>.debug_info</name>
         <load_address>0x24b82</load_address>
         <run_address>0x24b82</run_address>
         <size>0x119</size>
         <input_file_ref idref="fl-d0"/>
      </object_component>
      <object_component id="oc-97">
         <name>.debug_info</name>
         <load_address>0x24c9b</load_address>
         <run_address>0x24c9b</run_address>
         <size>0x2d4</size>
         <input_file_ref idref="fl-d1"/>
      </object_component>
      <object_component id="oc-4a">
         <name>.debug_info</name>
         <load_address>0x24f6f</load_address>
         <run_address>0x24f6f</run_address>
         <size>0x1b5</size>
         <input_file_ref idref="fl-d1"/>
      </object_component>
      <object_component id="oc-92">
         <name>.debug_info</name>
         <load_address>0x25124</load_address>
         <run_address>0x25124</run_address>
         <size>0x46</size>
         <input_file_ref idref="fl-d1"/>
      </object_component>
      <object_component id="oc-42">
         <name>.debug_info</name>
         <load_address>0x2516a</load_address>
         <run_address>0x2516a</run_address>
         <size>0x2a8</size>
         <input_file_ref idref="fl-d2"/>
      </object_component>
      <object_component id="oc-20">
         <name>.debug_info</name>
         <load_address>0x25412</load_address>
         <run_address>0x25412</run_address>
         <size>0x1ea</size>
         <input_file_ref idref="fl-d2"/>
      </object_component>
      <object_component id="oc-3d">
         <name>.debug_info</name>
         <load_address>0x255fc</load_address>
         <run_address>0x255fc</run_address>
         <size>0x46</size>
         <input_file_ref idref="fl-d2"/>
      </object_component>
      <object_component id="oc-8a">
         <name>.debug_info</name>
         <load_address>0x25642</load_address>
         <run_address>0x25642</run_address>
         <size>0x2c</size>
         <input_file_ref idref="fl-d2"/>
      </object_component>
      <object_component id="oc-88">
         <name>.debug_info</name>
         <load_address>0x2566e</load_address>
         <run_address>0x2566e</run_address>
         <size>0x29e</size>
         <input_file_ref idref="fl-d3"/>
      </object_component>
      <object_component id="oc-18">
         <name>.debug_info</name>
         <load_address>0x2590c</load_address>
         <run_address>0x2590c</run_address>
         <size>0x250</size>
         <input_file_ref idref="fl-d3"/>
      </object_component>
      <object_component id="oc-2d">
         <name>.debug_info</name>
         <load_address>0x25b5c</load_address>
         <run_address>0x25b5c</run_address>
         <size>0x60</size>
         <input_file_ref idref="fl-d3"/>
      </object_component>
      <object_component id="oc-ff">
         <name>.debug_info</name>
         <load_address>0x25bbc</load_address>
         <run_address>0x25bbc</run_address>
         <size>0x46</size>
         <input_file_ref idref="fl-d3"/>
      </object_component>
      <object_component id="oc-83">
         <name>.debug_info</name>
         <load_address>0x25c02</load_address>
         <run_address>0x25c02</run_address>
         <size>0x39</size>
         <input_file_ref idref="fl-d3"/>
      </object_component>
      <object_component id="oc-290">
         <name>.debug_info</name>
         <load_address>0x25c3b</load_address>
         <run_address>0x25c3b</run_address>
         <size>0xfb</size>
         <input_file_ref idref="fl-d4"/>
      </object_component>
      <object_component id="oc-1f4">
         <name>.debug_info</name>
         <load_address>0x25d36</load_address>
         <run_address>0x25d36</run_address>
         <size>0x13d</size>
         <input_file_ref idref="fl-d4"/>
      </object_component>
      <object_component id="oc-2a">
         <name>.debug_info</name>
         <load_address>0x25e73</load_address>
         <run_address>0x25e73</run_address>
         <size>0x10b</size>
         <input_file_ref idref="fl-d5"/>
      </object_component>
      <object_component id="oc-57">
         <name>.debug_info</name>
         <load_address>0x25f7e</load_address>
         <run_address>0x25f7e</run_address>
         <size>0x1a9</size>
         <input_file_ref idref="fl-d5"/>
      </object_component>
      <object_component id="oc-226">
         <name>.debug_info</name>
         <load_address>0x26127</load_address>
         <run_address>0x26127</run_address>
         <size>0x4b3</size>
         <input_file_ref idref="fl-d6"/>
      </object_component>
      <object_component id="oc-146">
         <name>.debug_info</name>
         <load_address>0x265da</load_address>
         <run_address>0x265da</run_address>
         <size>0x1a6</size>
         <input_file_ref idref="fl-d6"/>
      </object_component>
      <object_component id="oc-2ac">
         <name>.debug_info</name>
         <load_address>0x26780</load_address>
         <run_address>0x26780</run_address>
         <size>0x39</size>
         <input_file_ref idref="fl-d6"/>
      </object_component>
      <object_component id="oc-2f5">
         <name>.debug_info</name>
         <load_address>0x267b9</load_address>
         <run_address>0x267b9</run_address>
         <size>0x39</size>
         <input_file_ref idref="fl-d6"/>
      </object_component>
      <object_component id="oc-2b1">
         <name>.debug_info</name>
         <load_address>0x267f2</load_address>
         <run_address>0x267f2</run_address>
         <size>0x39</size>
         <input_file_ref idref="fl-d6"/>
      </object_component>
      <object_component id="oc-2b6">
         <name>.debug_info</name>
         <load_address>0x2682b</load_address>
         <run_address>0x2682b</run_address>
         <size>0xcd</size>
         <input_file_ref idref="fl-d6"/>
      </object_component>
      <object_component id="oc-9f">
         <name>.debug_info</name>
         <load_address>0x268f8</load_address>
         <run_address>0x268f8</run_address>
         <size>0x153</size>
         <input_file_ref idref="fl-d7"/>
      </object_component>
      <object_component id="oc-13d">
         <name>.debug_info</name>
         <load_address>0x26a4b</load_address>
         <run_address>0x26a4b</run_address>
         <size>0x122</size>
         <input_file_ref idref="fl-d9"/>
      </object_component>
      <object_component id="oc-2a6">
         <name>.debug_info</name>
         <load_address>0x26b6d</load_address>
         <run_address>0x26b6d</run_address>
         <size>0x2c9</size>
         <input_file_ref idref="fl-da"/>
      </object_component>
      <object_component id="oc-220">
         <name>.debug_info</name>
         <load_address>0x26e36</load_address>
         <run_address>0x26e36</run_address>
         <size>0x11e</size>
         <input_file_ref idref="fl-da"/>
      </object_component>
      <object_component id="oc-2a2">
         <name>.debug_info</name>
         <load_address>0x26f54</load_address>
         <run_address>0x26f54</run_address>
         <size>0x12e</size>
         <input_file_ref idref="fl-da"/>
      </object_component>
      <object_component id="oc-336">
         <name>.debug_info</name>
         <load_address>0x27082</load_address>
         <run_address>0x27082</run_address>
         <size>0xb6</size>
      </object_component>
      <object_component id="oc-28b">
         <name>.debug_line</name>
         <load_address>0x0</load_address>
         <run_address>0x0</run_address>
         <size>0x2c</size>
         <input_file_ref idref="fl-2"/>
      </object_component>
      <object_component id="oc-1f1">
         <name>.debug_line</name>
         <load_address>0x2c</load_address>
         <run_address>0x2c</run_address>
         <size>0x1e0</size>
         <input_file_ref idref="fl-2"/>
      </object_component>
      <object_component id="oc-f6">
         <name>.debug_line</name>
         <load_address>0x20c</load_address>
         <run_address>0x20c</run_address>
         <size>0x63</size>
         <input_file_ref idref="fl-2"/>
      </object_component>
      <object_component id="oc-fd">
         <name>.debug_line</name>
         <load_address>0x26f</load_address>
         <run_address>0x26f</run_address>
         <size>0x7a</size>
         <input_file_ref idref="fl-2"/>
      </object_component>
      <object_component id="oc-1d8">
         <name>.debug_line</name>
         <load_address>0x2e9</load_address>
         <run_address>0x2e9</run_address>
         <size>0x66</size>
         <input_file_ref idref="fl-2"/>
      </object_component>
      <object_component id="oc-35">
         <name>.debug_line</name>
         <load_address>0x34f</load_address>
         <run_address>0x34f</run_address>
         <size>0x20</size>
         <input_file_ref idref="fl-2"/>
      </object_component>
      <object_component id="oc-1c3">
         <name>.debug_line</name>
         <load_address>0x36f</load_address>
         <run_address>0x36f</run_address>
         <size>0x7e</size>
         <input_file_ref idref="fl-2"/>
      </object_component>
      <object_component id="oc-dc">
         <name>.debug_line</name>
         <load_address>0x3ed</load_address>
         <run_address>0x3ed</run_address>
         <size>0x7b</size>
         <input_file_ref idref="fl-2"/>
      </object_component>
      <object_component id="oc-21a">
         <name>.debug_line</name>
         <load_address>0x468</load_address>
         <run_address>0x468</run_address>
         <size>0x21d</size>
         <input_file_ref idref="fl-3"/>
      </object_component>
      <object_component id="oc-a8">
         <name>.debug_line</name>
         <load_address>0x685</load_address>
         <run_address>0x685</run_address>
         <size>0x81</size>
         <input_file_ref idref="fl-3"/>
      </object_component>
      <object_component id="oc-209">
         <name>.debug_line</name>
         <load_address>0x706</load_address>
         <run_address>0x706</run_address>
         <size>0x70</size>
         <input_file_ref idref="fl-3"/>
      </object_component>
      <object_component id="oc-f1">
         <name>.debug_line</name>
         <load_address>0x776</load_address>
         <run_address>0x776</run_address>
         <size>0x70</size>
         <input_file_ref idref="fl-3"/>
      </object_component>
      <object_component id="oc-136">
         <name>.debug_line</name>
         <load_address>0x7e6</load_address>
         <run_address>0x7e6</run_address>
         <size>0x86</size>
         <input_file_ref idref="fl-3"/>
      </object_component>
      <object_component id="oc-1e7">
         <name>.debug_line</name>
         <load_address>0x86c</load_address>
         <run_address>0x86c</run_address>
         <size>0x8a</size>
         <input_file_ref idref="fl-3"/>
      </object_component>
      <object_component id="oc-1dd">
         <name>.debug_line</name>
         <load_address>0x8f6</load_address>
         <run_address>0x8f6</run_address>
         <size>0x87</size>
         <input_file_ref idref="fl-3"/>
      </object_component>
      <object_component id="oc-d2">
         <name>.debug_line</name>
         <load_address>0x97d</load_address>
         <run_address>0x97d</run_address>
         <size>0x8a</size>
         <input_file_ref idref="fl-3"/>
      </object_component>
      <object_component id="oc-d7">
         <name>.debug_line</name>
         <load_address>0xa07</load_address>
         <run_address>0xa07</run_address>
         <size>0x99</size>
         <input_file_ref idref="fl-3"/>
      </object_component>
      <object_component id="oc-1e2">
         <name>.debug_line</name>
         <load_address>0xaa0</load_address>
         <run_address>0xaa0</run_address>
         <size>0x75</size>
         <input_file_ref idref="fl-3"/>
      </object_component>
      <object_component id="oc-1b9">
         <name>.debug_line</name>
         <load_address>0xb15</load_address>
         <run_address>0xb15</run_address>
         <size>0x86</size>
         <input_file_ref idref="fl-3"/>
      </object_component>
      <object_component id="oc-2f1">
         <name>.debug_line</name>
         <load_address>0xb9b</load_address>
         <run_address>0xb9b</run_address>
         <size>0x20</size>
         <input_file_ref idref="fl-4"/>
      </object_component>
      <object_component id="oc-294">
         <name>.debug_line</name>
         <load_address>0xbbb</load_address>
         <run_address>0xbbb</run_address>
         <size>0x3b</size>
         <input_file_ref idref="fl-4"/>
      </object_component>
      <object_component id="oc-f9">
         <name>.debug_line</name>
         <load_address>0xbf6</load_address>
         <run_address>0xbf6</run_address>
         <size>0x40</size>
         <input_file_ref idref="fl-5"/>
      </object_component>
      <object_component id="oc-7f">
         <name>.debug_line</name>
         <load_address>0xc36</load_address>
         <run_address>0xc36</run_address>
         <size>0x40</size>
         <input_file_ref idref="fl-5"/>
      </object_component>
      <object_component id="oc-6b">
         <name>.debug_line</name>
         <load_address>0xc76</load_address>
         <run_address>0xc76</run_address>
         <size>0x71</size>
         <input_file_ref idref="fl-5"/>
      </object_component>
      <object_component id="oc-23c">
         <name>.debug_line</name>
         <load_address>0xce7</load_address>
         <run_address>0xce7</run_address>
         <size>0x3b</size>
         <input_file_ref idref="fl-6"/>
      </object_component>
      <object_component id="oc-ba">
         <name>.debug_line</name>
         <load_address>0xd22</load_address>
         <run_address>0xd22</run_address>
         <size>0x13a</size>
         <input_file_ref idref="fl-6"/>
      </object_component>
      <object_component id="oc-214">
         <name>.debug_line</name>
         <load_address>0xe5c</load_address>
         <run_address>0xe5c</run_address>
         <size>0x1aa</size>
         <input_file_ref idref="fl-7"/>
      </object_component>
      <object_component id="oc-113">
         <name>.debug_line</name>
         <load_address>0x1006</load_address>
         <run_address>0x1006</run_address>
         <size>0x1b6</size>
         <input_file_ref idref="fl-7"/>
      </object_component>
      <object_component id="oc-204">
         <name>.debug_line</name>
         <load_address>0x11bc</load_address>
         <run_address>0x11bc</run_address>
         <size>0x20</size>
         <input_file_ref idref="fl-7"/>
      </object_component>
      <object_component id="oc-1ea">
         <name>.debug_line</name>
         <load_address>0x11dc</load_address>
         <run_address>0x11dc</run_address>
         <size>0x153</size>
         <input_file_ref idref="fl-8"/>
      </object_component>
      <object_component id="oc-1d2">
         <name>.debug_line</name>
         <load_address>0x132f</load_address>
         <run_address>0x132f</run_address>
         <size>0x36</size>
         <input_file_ref idref="fl-8"/>
      </object_component>
      <object_component id="oc-7d">
         <name>.debug_line</name>
         <load_address>0x1365</load_address>
         <run_address>0x1365</run_address>
         <size>0x18f</size>
         <input_file_ref idref="fl-8"/>
      </object_component>
      <object_component id="oc-29b">
         <name>.debug_line</name>
         <load_address>0x14f4</load_address>
         <run_address>0x14f4</run_address>
         <size>0x13d</size>
         <input_file_ref idref="fl-9"/>
      </object_component>
      <object_component id="oc-216">
         <name>.debug_line</name>
         <load_address>0x1631</load_address>
         <run_address>0x1631</run_address>
         <size>0x35</size>
         <input_file_ref idref="fl-9"/>
      </object_component>
      <object_component id="oc-125">
         <name>.debug_line</name>
         <load_address>0x1666</load_address>
         <run_address>0x1666</run_address>
         <size>0x95</size>
         <input_file_ref idref="fl-9"/>
      </object_component>
      <object_component id="oc-299">
         <name>.debug_line</name>
         <load_address>0x16fb</load_address>
         <run_address>0x16fb</run_address>
         <size>0x13d</size>
         <input_file_ref idref="fl-a"/>
      </object_component>
      <object_component id="oc-218">
         <name>.debug_line</name>
         <load_address>0x1838</load_address>
         <run_address>0x1838</run_address>
         <size>0x35</size>
         <input_file_ref idref="fl-a"/>
      </object_component>
      <object_component id="oc-11f">
         <name>.debug_line</name>
         <load_address>0x186d</load_address>
         <run_address>0x186d</run_address>
         <size>0x95</size>
         <input_file_ref idref="fl-a"/>
      </object_component>
      <object_component id="oc-1d4">
         <name>.debug_line</name>
         <load_address>0x1902</load_address>
         <run_address>0x1902</run_address>
         <size>0x1a1</size>
         <input_file_ref idref="fl-b"/>
      </object_component>
      <object_component id="oc-297">
         <name>.debug_line</name>
         <load_address>0x1aa3</load_address>
         <run_address>0x1aa3</run_address>
         <size>0x33</size>
         <input_file_ref idref="fl-b"/>
      </object_component>
      <object_component id="oc-119">
         <name>.debug_line</name>
         <load_address>0x1ad6</load_address>
         <run_address>0x1ad6</run_address>
         <size>0xc1</size>
         <input_file_ref idref="fl-b"/>
      </object_component>
      <object_component id="oc-2dc">
         <name>.debug_line</name>
         <load_address>0x1b97</load_address>
         <run_address>0x1b97</run_address>
         <size>0x20</size>
         <input_file_ref idref="fl-c"/>
      </object_component>
      <object_component id="oc-1be">
         <name>.debug_line</name>
         <load_address>0x1bb7</load_address>
         <run_address>0x1bb7</run_address>
         <size>0x8a</size>
         <input_file_ref idref="fl-c"/>
      </object_component>
      <object_component id="oc-2e0">
         <name>.debug_line</name>
         <load_address>0x1c41</load_address>
         <run_address>0x1c41</run_address>
         <size>0x8a</size>
         <input_file_ref idref="fl-c"/>
      </object_component>
      <object_component id="oc-1b4">
         <name>.debug_line</name>
         <load_address>0x1ccb</load_address>
         <run_address>0x1ccb</run_address>
         <size>0x76</size>
         <input_file_ref idref="fl-c"/>
      </object_component>
      <object_component id="oc-2e3">
         <name>.debug_line</name>
         <load_address>0x1d41</load_address>
         <run_address>0x1d41</run_address>
         <size>0x1cf</size>
         <input_file_ref idref="fl-d"/>
      </object_component>
      <object_component id="oc-1cf">
         <name>.debug_line</name>
         <load_address>0x1f10</load_address>
         <run_address>0x1f10</run_address>
         <size>0x76</size>
         <input_file_ref idref="fl-d"/>
      </object_component>
      <object_component id="oc-24c">
         <name>.debug_line</name>
         <load_address>0x1f86</load_address>
         <run_address>0x1f86</run_address>
         <size>0x8a</size>
         <input_file_ref idref="fl-d"/>
      </object_component>
      <object_component id="oc-2e7">
         <name>.debug_line</name>
         <load_address>0x2010</load_address>
         <run_address>0x2010</run_address>
         <size>0x86</size>
         <input_file_ref idref="fl-d"/>
      </object_component>
      <object_component id="oc-2ec">
         <name>.debug_line</name>
         <load_address>0x2096</load_address>
         <run_address>0x2096</run_address>
         <size>0x8e</size>
         <input_file_ref idref="fl-d"/>
      </object_component>
      <object_component id="oc-2cd">
         <name>.debug_line</name>
         <load_address>0x2124</load_address>
         <run_address>0x2124</run_address>
         <size>0x8a</size>
         <input_file_ref idref="fl-d"/>
      </object_component>
      <object_component id="oc-242">
         <name>.debug_line</name>
         <load_address>0x21ae</load_address>
         <run_address>0x21ae</run_address>
         <size>0x88</size>
         <input_file_ref idref="fl-d"/>
      </object_component>
      <object_component id="oc-2c9">
         <name>.debug_line</name>
         <load_address>0x2236</load_address>
         <run_address>0x2236</run_address>
         <size>0x170</size>
         <input_file_ref idref="fl-e"/>
      </object_component>
      <object_component id="oc-2c7">
         <name>.debug_line</name>
         <load_address>0x23a6</load_address>
         <run_address>0x23a6</run_address>
         <size>0x91</size>
         <input_file_ref idref="fl-e"/>
      </object_component>
      <object_component id="oc-2c0">
         <name>.debug_line</name>
         <load_address>0x2437</load_address>
         <run_address>0x2437</run_address>
         <size>0x91</size>
         <input_file_ref idref="fl-e"/>
      </object_component>
      <object_component id="oc-2be">
         <name>.debug_line</name>
         <load_address>0x24c8</load_address>
         <run_address>0x24c8</run_address>
         <size>0x91</size>
         <input_file_ref idref="fl-e"/>
      </object_component>
      <object_component id="oc-189">
         <name>.debug_line</name>
         <load_address>0x2559</load_address>
         <run_address>0x2559</run_address>
         <size>0x23d</size>
         <input_file_ref idref="fl-e"/>
      </object_component>
      <object_component id="oc-2c4">
         <name>.debug_line</name>
         <load_address>0x2796</load_address>
         <run_address>0x2796</run_address>
         <size>0x91</size>
         <input_file_ref idref="fl-e"/>
      </object_component>
      <object_component id="oc-2d0">
         <name>.debug_line</name>
         <load_address>0x2827</load_address>
         <run_address>0x2827</run_address>
         <size>0x20</size>
         <input_file_ref idref="fl-f"/>
      </object_component>
      <object_component id="oc-18f">
         <name>.debug_line</name>
         <load_address>0x2847</load_address>
         <run_address>0x2847</run_address>
         <size>0x131</size>
         <input_file_ref idref="fl-f"/>
      </object_component>
      <object_component id="oc-283">
         <name>.debug_line</name>
         <load_address>0x2978</load_address>
         <run_address>0x2978</run_address>
         <size>0x1cf</size>
         <input_file_ref idref="fl-10"/>
      </object_component>
      <object_component id="oc-e2">
         <name>.debug_line</name>
         <load_address>0x2b47</load_address>
         <run_address>0x2b47</run_address>
         <size>0x89f</size>
         <input_file_ref idref="fl-10"/>
      </object_component>
      <object_component id="oc-287">
         <name>.debug_line</name>
         <load_address>0x33e6</load_address>
         <run_address>0x33e6</run_address>
         <size>0x7f</size>
         <input_file_ref idref="fl-10"/>
      </object_component>
      <object_component id="oc-1c9">
         <name>.debug_line</name>
         <load_address>0x3465</load_address>
         <run_address>0x3465</run_address>
         <size>0x87</size>
         <input_file_ref idref="fl-10"/>
      </object_component>
      <object_component id="oc-109">
         <name>.debug_line</name>
         <load_address>0x34ec</load_address>
         <run_address>0x34ec</run_address>
         <size>0x76</size>
         <input_file_ref idref="fl-11"/>
      </object_component>
      <object_component id="oc-23e">
         <name>.debug_line</name>
         <load_address>0x3562</load_address>
         <run_address>0x3562</run_address>
         <size>0x28d</size>
         <input_file_ref idref="fl-12"/>
      </object_component>
      <object_component id="oc-17c">
         <name>.debug_line</name>
         <load_address>0x37ef</load_address>
         <run_address>0x37ef</run_address>
         <size>0x7f</size>
         <input_file_ref idref="fl-12"/>
      </object_component>
      <object_component id="oc-25c">
         <name>.debug_line</name>
         <load_address>0x386e</load_address>
         <run_address>0x386e</run_address>
         <size>0x7f</size>
         <input_file_ref idref="fl-12"/>
      </object_component>
      <object_component id="oc-27e">
         <name>.debug_line</name>
         <load_address>0x38ed</load_address>
         <run_address>0x38ed</run_address>
         <size>0x7f</size>
         <input_file_ref idref="fl-12"/>
      </object_component>
      <object_component id="oc-280">
         <name>.debug_line</name>
         <load_address>0x396c</load_address>
         <run_address>0x396c</run_address>
         <size>0x7f</size>
         <input_file_ref idref="fl-12"/>
      </object_component>
      <object_component id="oc-260">
         <name>.debug_line</name>
         <load_address>0x39eb</load_address>
         <run_address>0x39eb</run_address>
         <size>0x7f</size>
         <input_file_ref idref="fl-12"/>
      </object_component>
      <object_component id="oc-27c">
         <name>.debug_line</name>
         <load_address>0x3a6a</load_address>
         <run_address>0x3a6a</run_address>
         <size>0x7f</size>
         <input_file_ref idref="fl-12"/>
      </object_component>
      <object_component id="oc-25e">
         <name>.debug_line</name>
         <load_address>0x3ae9</load_address>
         <run_address>0x3ae9</run_address>
         <size>0x7f</size>
         <input_file_ref idref="fl-12"/>
      </object_component>
      <object_component id="oc-262">
         <name>.debug_line</name>
         <load_address>0x3b68</load_address>
         <run_address>0x3b68</run_address>
         <size>0x7f</size>
         <input_file_ref idref="fl-12"/>
      </object_component>
      <object_component id="oc-c7">
         <name>.debug_line</name>
         <load_address>0x3be7</load_address>
         <run_address>0x3be7</run_address>
         <size>0xf80</size>
         <input_file_ref idref="fl-12"/>
      </object_component>
      <object_component id="oc-181">
         <name>.debug_line</name>
         <load_address>0x4b67</load_address>
         <run_address>0x4b67</run_address>
         <size>0x86</size>
         <input_file_ref idref="fl-12"/>
      </object_component>
      <object_component id="oc-247">
         <name>.debug_line</name>
         <load_address>0x4bed</load_address>
         <run_address>0x4bed</run_address>
         <size>0x7f</size>
         <input_file_ref idref="fl-12"/>
      </object_component>
      <object_component id="oc-2da">
         <name>.debug_line</name>
         <load_address>0x4c6c</load_address>
         <run_address>0x4c6c</run_address>
         <size>0x236</size>
         <input_file_ref idref="fl-13"/>
      </object_component>
      <object_component id="oc-2d6">
         <name>.debug_line</name>
         <load_address>0x4ea2</load_address>
         <run_address>0x4ea2</run_address>
         <size>0x80</size>
         <input_file_ref idref="fl-13"/>
      </object_component>
      <object_component id="oc-2d8">
         <name>.debug_line</name>
         <load_address>0x4f22</load_address>
         <run_address>0x4f22</run_address>
         <size>0x80</size>
         <input_file_ref idref="fl-13"/>
      </object_component>
      <object_component id="oc-2d4">
         <name>.debug_line</name>
         <load_address>0x4fa2</load_address>
         <run_address>0x4fa2</run_address>
         <size>0x80</size>
         <input_file_ref idref="fl-13"/>
      </object_component>
      <object_component id="oc-2d2">
         <name>.debug_line</name>
         <load_address>0x5022</load_address>
         <run_address>0x5022</run_address>
         <size>0x80</size>
         <input_file_ref idref="fl-13"/>
      </object_component>
      <object_component id="oc-1a1">
         <name>.debug_line</name>
         <load_address>0x50a2</load_address>
         <run_address>0x50a2</run_address>
         <size>0x4fd</size>
         <input_file_ref idref="fl-13"/>
      </object_component>
      <object_component id="oc-279">
         <name>.debug_line</name>
         <load_address>0x559f</load_address>
         <run_address>0x559f</run_address>
         <size>0x80</size>
         <input_file_ref idref="fl-13"/>
      </object_component>
      <object_component id="oc-273">
         <name>.debug_line</name>
         <load_address>0x561f</load_address>
         <run_address>0x561f</run_address>
         <size>0x88</size>
         <input_file_ref idref="fl-13"/>
      </object_component>
      <object_component id="oc-1b0">
         <name>.debug_line</name>
         <load_address>0x56a7</load_address>
         <run_address>0x56a7</run_address>
         <size>0xfa</size>
         <input_file_ref idref="fl-14"/>
      </object_component>
      <object_component id="oc-184">
         <name>.debug_line</name>
         <load_address>0x57a1</load_address>
         <run_address>0x57a1</run_address>
         <size>0x94</size>
         <input_file_ref idref="fl-14"/>
      </object_component>
      <object_component id="oc-1ae">
         <name>.debug_line</name>
         <load_address>0x5835</load_address>
         <run_address>0x5835</run_address>
         <size>0x94</size>
         <input_file_ref idref="fl-14"/>
      </object_component>
      <object_component id="oc-76">
         <name>.debug_line</name>
         <load_address>0x58c9</load_address>
         <run_address>0x58c9</run_address>
         <size>0x233</size>
         <input_file_ref idref="fl-14"/>
      </object_component>
      <object_component id="oc-71">
         <name>.debug_line</name>
         <load_address>0x5afc</load_address>
         <run_address>0x5afc</run_address>
         <size>0x129</size>
         <input_file_ref idref="fl-15"/>
      </object_component>
      <object_component id="oc-9c">
         <name>.debug_line</name>
         <load_address>0x5c25</load_address>
         <run_address>0x5c25</run_address>
         <size>0x79</size>
         <input_file_ref idref="fl-cf"/>
      </object_component>
      <object_component id="oc-3b">
         <name>.debug_line</name>
         <load_address>0x5c9e</load_address>
         <run_address>0x5c9e</run_address>
         <size>0x88</size>
         <input_file_ref idref="fl-d0"/>
      </object_component>
      <object_component id="oc-10c">
         <name>.debug_line</name>
         <load_address>0x5d26</load_address>
         <run_address>0x5d26</run_address>
         <size>0x92</size>
         <input_file_ref idref="fl-d1"/>
      </object_component>
      <object_component id="oc-4d">
         <name>.debug_line</name>
         <load_address>0x5db8</load_address>
         <run_address>0x5db8</run_address>
         <size>0x53</size>
         <input_file_ref idref="fl-d1"/>
      </object_component>
      <object_component id="oc-95">
         <name>.debug_line</name>
         <load_address>0x5e0b</load_address>
         <run_address>0x5e0b</run_address>
         <size>0x34</size>
         <input_file_ref idref="fl-d1"/>
      </object_component>
      <object_component id="oc-90">
         <name>.debug_line</name>
         <load_address>0x5e3f</load_address>
         <run_address>0x5e3f</run_address>
         <size>0x20</size>
         <input_file_ref idref="fl-d2"/>
      </object_component>
      <object_component id="oc-1e">
         <name>.debug_line</name>
[...]
         <name>vTaskMissedYield</name>
         <value>0x1359</value>
         <object_component_ref idref="oc-c3"/>
      </symbol>
      <symbol id="sm-726">
         <name>uxTaskGetNumberOfTasks</name>
         <value>0xbcf</value>
         <object_component_ref idref="oc-c3"/>
      </symbol>
      <symbol id="sm-727">
         <name>xTaskCatchUpTicks</name>
         <value>0xd33</value>
         <object_component_ref idref="oc-c3"/>
      </symbol>
      <symbol id="sm-728">
         <name>xTaskGenericNotifyFromISR</name>
         <value>0x1d87</value>
         <object_component_ref idref="oc-c3"/>
      </symbol>
      <symbol id="sm-729">
         <name>vTaskGetInfo</name>
         <value>0x1575</value>
         <object_component_ref idref="oc-c3"/>
      </symbol>
      <symbol id="sm-72a">
         <name>uxTaskPriorityGet</name>
         <value>0x611</value>
         <object_component_ref idref="oc-c3"/>
      </symbol>
      <symbol id="sm-72b">
         <name>vTaskStepTick</name>
         <value>0xcf9</value>
         <object_component_ref idref="oc-c3"/>
      </symbol>
      <symbol id="sm-72c">
         <name>xTaskResumeAll</name>
         <value>0xaa9</value>
         <object_component_ref idref="oc-c3"/>
      </symbol>
      <symbol id="sm-72d">
         <name>vTaskSetApplicationTaskTag</name>
         <value>0xeb1</value>
         <object_component_ref idref="oc-c3"/>
      </symbol>
      <symbol id="sm-72e">
         <name>xTaskGetTickCount</name>
         <value>0xbab</value>
         <object_component_ref idref="oc-c3"/>
      </symbol>
      <symbol id="sm-72f">
         <name>ulTaskGenericNotifyTake</name>
         <value>0x1a75</value>
         <object_component_ref idref="oc-c3"/>
      </symbol>
      <symbol id="sm-730">
         <name>uxTaskGetSystemState</name>
         <value>0xc1d</value>
         <object_component_ref idref="oc-c3"/>
      </symbol>
      <symbol id="sm-731">
         <name>vTaskDelete</name>
         <value>0x323</value>
         <object_component_ref idref="oc-c3"/>
      </symbol>
      <symbol id="sm-732">
         <name>xTaskGetApplicationTaskTag</name>
         <value>0xed7</value>
         <object_component_ref idref="oc-c3"/>
      </symbol>
      <symbol id="sm-733">
         <name>xTaskCallApplicationTaskHook</name>
         <value>0xf49</value>
         <object_component_ref idref="oc-c3"/>
      </symbol>
      <symbol id="sm-734">
         <name>ulTaskGenericNotifyValueClear</name>
         <value>0x20a3</value>
         <object_component_ref idref="oc-c3"/>
      </symbol>
      <symbol id="sm-735">
         <name>xTaskGenericNotifyWait</name>
         <value>0x1b2d</value>
         <object_component_ref idref="oc-c3"/>
      </symbol>
      <symbol id="sm-736">
         <name>pxCurrentTCB</name>
         <value>0x200082a0</value>
         <object_component_ref idref="oc-bd"/>
      </symbol>
      <symbol id="sm-737">
         <name>eTaskGetState</name>
         <value>0x539</value>
         <object_component_ref idref="oc-c3"/>
      </symbol>
      <symbol id="sm-738">
         <name>vTaskSuspend</name>
         <value>0x7b1</value>
         <object_component_ref idref="oc-c3"/>
      </symbol>
      <symbol id="sm-739">
         <name>xTaskGetTickCountFromISR</name>
         <value>0xbbb</value>
         <object_component_ref idref="oc-c3"/>
      </symbol>
      <symbol id="sm-73a">
         <name>vTaskResume</name>
         <value>0x915</value>
         <object_component_ref idref="oc-c3"/>
      </symbol>
      <symbol id="sm-73b">
         <name>vTaskPlaceOnEventListRestricted</name>
         <value>0x10f5</value>
         <object_component_ref idref="oc-c3"/>
      </symbol>
      <symbol id="sm-73c">
         <name>vTaskSetTimeOutState</name>
         <value>0x125b</value>
         <object_component_ref idref="oc-c3"/>
      </symbol>
      <symbol id="sm-73d">
         <name>xTaskIncrementTick</name>
         <value>0xd85</value>
         <object_component_ref idref="oc-c3"/>
      </symbol>
      <symbol id="sm-73e">
         <name>vTaskSwitchContext</name>
         <value>0xf89</value>
         <object_component_ref idref="oc-c3"/>
      </symbol>
      <symbol id="sm-73f">
         <name>uxTaskResetEventItemValue</name>
         <value>0x1a33</value>
         <object_component_ref idref="oc-c3"/>
      </symbol>
      <symbol id="sm-740">
         <name>xTaskGetSchedulerState</name>
         <value>0x175b</value>
         <object_component_ref idref="oc-c3"/>
      </symbol>
      <symbol id="sm-741">
         <name>xTaskGetCurrentTaskHandle</name>
         <value>0x174b</value>
         <object_component_ref idref="oc-c3"/>
      </symbol>
      <symbol id="sm-742">
         <name>vTaskPlaceOnUnorderedEventList</name>
         <value>0x108d</value>
         <object_component_ref idref="oc-c3"/>
      </symbol>
      <symbol id="sm-743">
         <name>xTaskRemoveFromEventList</name>
         <value>0x1135</value>
         <object_component_ref idref="oc-c3"/>
      </symbol>
      <symbol id="sm-744">
         <name>eTaskConfirmSleepModeStatus</name>
         <value>0x13fd</value>
         <object_component_ref idref="oc-c3"/>
      </symbol>
      <symbol id="sm-745">
         <name>xTaskPriorityInherit</name>
         <value>0x17a5</value>
         <object_component_ref idref="oc-c3"/>
      </symbol>
      <symbol id="sm-802">
         <name>vTimerSetTimerNumber</name>
         <value>0x3a17</value>
         <object_component_ref idref="oc-19d"/>
      </symbol>
      <symbol id="sm-803">
         <name>xTimerGetTimerDaemonTaskHandle</name>
         <value>0x33fb</value>
         <object_component_ref idref="oc-19d"/>
      </symbol>
      <symbol id="sm-804">
         <name>pcTimerGetName</name>
         <value>0x34f3</value>
         <object_component_ref idref="oc-19d"/>
      </symbol>
      <symbol id="sm-805">
         <name>xTimerCreateTimerTask</name>
         <value>0x3299</value>
         <object_component_ref idref="oc-19d"/>
      </symbol>
      <symbol id="sm-806">
         <name>xTimerGetExpiryTime</name>
         <value>0x34c9</value>
         <object_component_ref idref="oc-19d"/>
      </symbol>
      <symbol id="sm-807">
         <name>uxTimerGetTimerNumber</name>
         <value>0x3a09</value>
         <object_component_ref idref="oc-19d"/>
      </symbol>
      <symbol id="sm-808">
         <name>xTimerIsTimerActive</name>
         <value>0x3971</value>
         <object_component_ref idref="oc-19d"/>
      </symbol>
      <symbol id="sm-809">
         <name>xTimerGetPeriod</name>
         <value>0x341d</value>
         <object_component_ref idref="oc-19d"/>
      </symbol>
      <symbol id="sm-80a">
         <name>xTimerCreate</name>
         <value>0x32d9</value>
         <object_component_ref idref="oc-19d"/>
      </symbol>
      <symbol id="sm-80b">
         <name>vTimerSetReloadMode</name>
         <value>0x3443</value>
         <object_component_ref idref="oc-19d"/>
      </symbol>
      <symbol id="sm-80c">
         <name>xTimerGenericCommand</name>
         <value>0x337b</value>
         <object_component_ref idref="oc-19d"/>
      </symbol>
      <symbol id="sm-80d">
         <name>uxTimerGetReloadMode</name>
         <value>0x348d</value>
         <object_component_ref idref="oc-19d"/>
      </symbol>
      <symbol id="sm-80e">
         <name>pvTimerGetTimerID</name>
         <value>0x39ad</value>
         <object_component_ref idref="oc-19d"/>
      </symbol>
      <symbol id="sm-80f">
         <name>vTimerSetTimerID</name>
         <value>0x39db</value>
         <object_component_ref idref="oc-19d"/>
      </symbol>
      <symbol id="sm-877">
         <name>ulMaxSyscallInterruptPriority</name>
         <value>0x59e0</value>
         <object_component_ref idref="oc-c0"/>
      </symbol>
      <symbol id="sm-878">
         <name>vPortSetupTimerInterrupt</name>
         <value>0x42b5</value>
         <object_component_ref idref="oc-72"/>
      </symbol>
      <symbol id="sm-879">
         <name>vPortEndScheduler</name>
         <value>0x409d</value>
         <object_component_ref idref="oc-72"/>
      </symbol>
      <symbol id="sm-87a">
         <name>vPortSuppressTicksAndSleep</name>
         <value>0x415d</value>
         <object_component_ref idref="oc-72"/>
      </symbol>
      <symbol id="sm-87b">
         <name>xPortSysTickHandler</name>
         <value>0x412f</value>
         <object_component_ref idref="oc-72"/>
      </symbol>
      <symbol id="sm-87c">
         <name>vPortValidateInterruptPriority</name>
         <value>0x42fd</value>
         <object_component_ref idref="oc-72"/>
      </symbol>
      <symbol id="sm-87d">
         <name>pxPortInitialiseStack</name>
         <value>0x3f59</value>
         <object_component_ref idref="oc-72"/>
      </symbol>
      <symbol id="sm-87e">
         <name>vPortExitCritical</name>
         <value>0x4103</value>
         <object_component_ref idref="oc-72"/>
      </symbol>
      <symbol id="sm-87f">
         <name>xPortStartScheduler</name>
         <value>0x3fe5</value>
         <object_component_ref idref="oc-72"/>
      </symbol>
      <symbol id="sm-880">
         <name>vPortEnterCritical</name>
         <value>0x40c1</value>
         <object_component_ref idref="oc-72"/>
      </symbol>
      <symbol id="sm-88f">
         <name>vPortStartFirstTask</name>
         <value>0x561d</value>
         <object_component_ref idref="oc-6d"/>
      </symbol>
      <symbol id="sm-890">
         <name>ulPortGetIPSR</name>
         <value>0x5585</value>
         <object_component_ref idref="oc-6d"/>
      </symbol>
      <symbol id="sm-891">
         <name>vPortEnableVFP</name>
         <value>0x5641</value>
         <object_component_ref idref="oc-6d"/>
      </symbol>
      <symbol id="sm-892">
         <name>xPortPendSVHandler</name>
         <value>0x559d</value>
         <object_component_ref idref="oc-6d"/>
      </symbol>
      <symbol id="sm-893">
         <name>vPortSVCHandler</name>
         <value>0x55fd</value>
         <object_component_ref idref="oc-6d"/>
      </symbol>
      <symbol id="sm-8a2">
         <name>__aeabi_memset</name>
         <value>0x580f</value>
         <object_component_ref idref="oc-98"/>
      </symbol>
      <symbol id="sm-8a3">
         <name>memset</name>
         <value>0x5815</value>
         <object_component_ref idref="oc-98"/>
      </symbol>
      <symbol id="sm-8a4">
         <name>__aeabi_memset8</name>
         <value>0x580f</value>
         <object_component_ref idref="oc-98"/>
      </symbol>
      <symbol id="sm-8a5">
         <name>__aeabi_memset4</name>
         <value>0x580f</value>
         <object_component_ref idref="oc-98"/>
      </symbol>
      <symbol id="sm-8a6">
         <name>__aeabi_memclr8</name>
         <value>0x580d</value>
         <object_component_ref idref="oc-98"/>
      </symbol>
      <symbol id="sm-8a7">
         <name>__aeabi_memclr4</name>
         <value>0x580d</value>
         <object_component_ref idref="oc-98"/>
      </symbol>
      <symbol id="sm-8a8">
         <name>__aeabi_memclr</name>
         <value>0x580d</value>
         <object_component_ref idref="oc-98"/>
      </symbol>
      <symbol id="sm-8c3">
         <name>memcpy</name>
         <value>0x564f</value>
         <object_component_ref idref="oc-37"/>
      </symbol>
      <symbol id="sm-8c4">
         <name>__aeabi_memcpy</name>
         <value>0x564f</value>
         <object_component_ref idref="oc-37"/>
      </symbol>
      <symbol id="sm-8c5">
         <name>__aeabi_memcpy8</name>
         <value>0x564f</value>
         <object_component_ref idref="oc-37"/>
      </symbol>
      <symbol id="sm-8c6">
         <name>__aeabi_memcpy4</name>
         <value>0x564f</value>
         <object_component_ref idref="oc-37"/>
      </symbol>
      <symbol id="sm-8d8">
         <name>__TI_zero_init</name>
         <value>0x59b9</value>
         <object_component_ref idref="oc-49"/>
      </symbol>
      <symbol id="sm-8ef">
         <name>__TI_decompress_none</name>
         <value>0x599d</value>
         <object_component_ref idref="oc-1d"/>
      </symbol>
      <symbol id="sm-912">
         <name>__TI_decompress_lzss</name>
         <value>0x5887</value>
         <object_component_ref idref="oc-17"/>
      </symbol>
      <symbol id="sm-928">
         <name>rand</name>
         <value>0x5969</value>
         <object_component_ref idref="oc-1f3"/>
      </symbol>
      <symbol id="sm-93b">
         <name>__stack</name>
         <value>0x2000fe00</value>
         <object_component_ref idref="oc-29"/>
      </symbol>
      <symbol id="sm-93c">
         <name>_c_int00_noargs</name>
         <value>0x5935</value>
         <object_component_ref idref="oc-55"/>
      </symbol>
      <symbol id="sm-964">
         <name>__TI_auto_init_nobinit_nopinit</name>
         <value>0x58f1</value>
         <object_component_ref idref="oc-145"/>
      </symbol>
      <symbol id="sm-96e">
         <name>_system_pre_init</name>
         <value>0x59c5</value>
         <object_component_ref idref="oc-9e"/>
      </symbol>
      <symbol id="sm-97a">
         <name>C$$EXIT</name>
         <value>0x59c9</value>
         <object_component_ref idref="oc-139"/>
      </symbol>
      <symbol id="sm-97b">
         <name>abort</name>
         <value>0x59c9</value>
         <object_component_ref idref="oc-139"/>
      </symbol>
      <symbol id="sm-990">
         <name>_nop</name>
         <value>0x5573</value>
         <object_component_ref idref="oc-29e"/>
      </symbol>
      <symbol id="sm-991">
         <name>_lock</name>
         <value>0x20008310</value>
         <object_component_ref idref="oc-21f"/>
      </symbol>
      <symbol id="sm-992">
         <name>_unlock</name>
         <value>0x20008314</value>
         <object_component_ref idref="oc-21f"/>
      </symbol>
      <symbol id="sm-994">
         <name>__TI_static_base__</name>
         <value>0x0</value>
      </symbol>
      <symbol id="sm-997">
         <name>__mpu_init</name>
         <value>0x0</value>
      </symbol>
      <symbol id="sm-998">
         <name>_system_post_cinit</name>
         <value>0x0</value>
      </symbol>
      <symbol id="sm-999">
         <name>NMI_Handler</name>
         <value>0x59b7</value>
      </symbol>
      <symbol id="sm-99a">
         <name>HardFault_Handler</name>
         <value>0x59b7</value>
      </symbol>
      <symbol id="sm-99b">
         <name>MemManage_Handler</name>
         <value>0x59b7</value>
      </symbol>
      <symbol id="sm-99c">
         <name>BusFault_Handler</name>
         <value>0x59b7</value>
      </symbol>
      <symbol id="sm-99d">
         <name>UsageFault_Handler</name>
         <value>0x59b7</value>
      </symbol>
      <symbol id="sm-99e">
         <name>SVC_Handler</name>
         <value>0x59b7</value>
      </symbol>
      <symbol id="sm-99f">
         <name>DebugMon_Handler</name>
         <value>0x59b7</value>
      </symbol>
      <symbol id="sm-9a0">
         <name>PendSV_Handler</name>
         <value>0x59b7</value>
      </symbol>
      <symbol id="sm-9a1">
         <name>SysTick_Handler</name>
         <value>0x59b7</value>
      </symbol>
      <symbol id="sm-9a2">
         <name>PSS_IRQHandler</name>
         <value>0x59b7</value>
      </symbol>
      <symbol id="sm-9a3">
         <name>CS_IRQHandler</name>
         <value>0x59b7</value>
      </symbol>
      <symbol id="sm-9a4">
         <name>PCM_IRQHandler</name>
         <value>0x59b7</value>
      </symbol>
      <symbol id="sm-9a5">
         <name>WDT_A_IRQHandler</name>
         <value>0x59b7</value>
      </symbol>
      <symbol id="sm-9a6">
         <name>FPU_IRQHandler</name>
         <value>0x59b7</value>
      </symbol>
      <symbol id="sm-9a7">
         <name>FLCTL_IRQHandler</name>
         <value>0x59b7</value>
      </symbol>
      <symbol id="sm-9a8">
         <name>COMP_E0_IRQHandler</name>
         <value>0x59b7</value>
      </symbol>
      <symbol id="sm-9a9">
         <name>COMP_E1_IRQHandler</name>
         <value>0x59b7</value>
      </symbol>
      <symbol id="sm-9aa">
         <name>TA0_0_IRQHandler</name>
         <value>0x59b7</value>
      </symbol>
      <symbol id="sm-9ab">
         <name>TA0_N_IRQHandler</name>
         <value>0x59b7</value>
      </symbol>
      <symbol id="sm-9ac">
         <name>TA1_0_IRQHandler</name>
         <value>0x59b7</value>
      </symbol>
      <symbol id="sm-9ad">
         <name>TA1_N_IRQHandler</name>
         <value>0x59b7</value>
      </symbol>
      <symbol id="sm-9ae">
         <name>TA2_0_IRQHandler</name>
         <value>0x59b7</value>
      </symbol>
      <symbol id="sm-9af">
         <name>TA2_N_IRQHandler</name>
         <value>0x59b7</value>
      </symbol>
      <symbol id="sm-9b0">
         <name>TA3_0_IRQHandler</name>
         <value>0x59b7</value>
      </symbol>
      <symbol id="sm-9b1">
         <name>TA3_N_IRQHandler</name>
         <value>0x59b7</value>
      </symbol>
      <symbol id="sm-9b2">
         <name>EUSCIA0_IRQHandler</name>
         <value>0x59b7</value>
      </symbol>
      <symbol id="sm-9b3">
         <name>EUSCIA1_IRQHandler</name>
         <value>0x59b7</value>
      </symbol>
      <symbol id="sm-9b4">
         <name>EUSCIA2_IRQHandler</name>
         <value>0x59b7</value>
      </symbol>
      <symbol id="sm-9b5">
         <name>EUSCIA3_IRQHandler</name>
         <value>0x59b7</value>
      </symbol>
      <symbol id="sm-9b6">
         <name>EUSCIB0_IRQHandler</name>
         <value>0x59b7</value>
      </symbol>
      <symbol id="sm-9b7">
         <name>EUSCIB1_IRQHandler</name>
         <value>0x59b7</value>
      </symbol>
      <symbol id="sm-9b8">
         <name>EUSCIB2_IRQHandler</name>
         <value>0x59b7</value>
      </symbol>
      <symbol id="sm-9b9">
         <name>EUSCIB3_IRQHandler</name>
         <value>0x59b7</value>
      </symbol>
      <symbol id="sm-9ba">
         <name>ADC14_IRQHandler</name>
         <value>0x50b3</value>
      </symbol>
      <symbol id="sm-9bb">
         <name>T32_INT1_IRQHandler</name>
         <value>0x59b7</value>
      </symbol>
      <symbol id="sm-9bc">
         <name>T32_INT2_IRQHandler</name>
         <value>0x59b7</value>
      </symbol>
      <symbol id="sm-9bd">
         <name>T32_INTC_IRQHandler</name>
         <value>0x59b7</value>
      </symbol>
      <symbol id="sm-9be">
         <name>AES256_IRQHandler</name>
         <value>0x59b7</value>
      </symbol>
      <symbol id="sm-9bf">
         <name>RTC_C_IRQHandler</name>
         <value>0x59b7</value>
      </symbol>
      <symbol id="sm-9c0">
         <name>DMA_ERR_IRQHandler</name>
         <value>0x59b7</value>
      </symbol>
      <symbol id="sm-9c1">
         <name>DMA_INT3_IRQHandler</name>
         <value>0x59b7</value>
      </symbol>
      <symbol id="sm-9c2">
         <name>DMA_INT2_IRQHandler</name>
         <value>0x59b7</value>
      </symbol>
      <symbol id="sm-9c3">
         <name>DMA_INT1_IRQHandler</name>
         <value>0x59b7</value>
      </symbol>
      <symbol id="sm-9c4">
         <name>DMA_INT0_IRQHandler</name>
         <value>0x59b7</value>
      </symbol>
      <symbol id="sm-9c5">
         <name>PORT1_IRQHandler</name>
         <value>0x59b7</value>
      </symbol>
      <symbol id="sm-9c6">
         <name>PORT2_IRQHandler</name>
         <value>0x59b7</value>
      </symbol>
      <symbol id="sm-9c7">
         <name>PORT3_IRQHandler</name>
         <value>0x59b7</value>
      </symbol>
      <symbol id="sm-9c8">
         <name>PORT4_IRQHandler</name>
         <value>0x59b7</value>
      </symbol>
      <symbol id="sm-9c9">
         <name>PORT5_IRQHandler</name>
         <value>0x59b7</value>
      </symbol>
      <symbol id="sm-9ca">
         <name>PORT6_IRQHandler</name>
         <value>0x59b7</value>
      </symbol>
   </symbol_table>
   <title>Link successful</title>
</link_info>
